07-27 19:18:13.743 10713 10713 I GoogleInputMethodService: GoogleInputMethodService.updateDeviceLockedStatus():2077 checkRepeatedly = false, unlocked = true
07-27 19:18:13.743 10713 10713 I GoogleInputMethodService: GoogleInputMethodService.onStartInput():1885 onStartInput(EditorInfo{inputType=0x0(NULL) imeOptions=0x0 privateImeOptions=null actionName=UNSPECIFIED actionLabel=null actionId=0 initialSelStart=-1 initialSelEnd=-1 initialCapsMode=0x0 hintText=null label=null packageName=com.example.help_m5 fieldId=-1 fieldName=null extras=null}, false)
07-27 19:18:13.746 10713 10713 I GoogleInputMethodService: GoogleInputMethodService.updateDeviceLockedStatus():2077 checkRepeatedly = true, unlocked = true
07-27 19:18:13.747 15440 15481 D EGL_emulation: eglMakeCurrent: 0xe9a4b340: ver 2 0 (tinfo 0xde3ab130)
07-27 19:18:13.749 15440 15481 D EGL_emulation: eglMakeCurrent: 0xe9a4b340: ver 2 0 (tinfo 0xde3ab130)
07-27 19:18:13.750 15440 15440 D EntertainmentsFragment: facility_type in onItemSelected 1
07-27 19:18:13.750 15440 15440 D TESTING : Not here
07-27 19:18:13.754 15440 15440 D databaseConnection: url in searchFacilities is :http://20.213.243.141:8080/facility/newest
07-27 19:18:13.754 15440 15440 D databaseConnection: {type=1}
07-27 19:18:13.780 15440 15481 D EGL_emulation: eglMakeCurrent: 0xe9a4b340: ver 2 0 (tinfo 0xde3ab130)
07-27 19:18:13.894 15440 15440 I ViewInteraction: Performing 'single click' action on view view.getId() is <2131296800/com.example.help_m5:id/searchFacility>
07-27 19:18:13.908 15440 15481 D EGL_emulation: eglMakeCurrent: 0xe9a4b340: ver 2 0 (tinfo 0xde3ab130)
07-27 19:18:13.911 15440 15481 D EGL_emulation: eglMakeCurrent: 0xe9a4b340: ver 2 0 (tinfo 0xde3ab130)
07-27 19:18:13.949 10713 10713 I GoogleInputMethodService: GoogleInputMethodService.onFinishInput():3182
07-27 19:18:13.950 10713 10713 I GoogleInputMethodService: GoogleInputMethodService.updateDeviceLockedStatus():2077 checkRepeatedly = false, unlocked = true
07-27 19:18:13.950 10713 10713 I GoogleInputMethodService: GoogleInputMethodService.onStartInput():1885 onStartInput(EditorInfo{inputType=0x90001(Normal) imeOptions=0x3 privateImeOptions=null actionName=SEARCH actionLabel=null actionId=0 initialSelStart=0 initialSelEnd=0 initialCapsMode=0x0 hintText=    label=null packageName=com.example.help_m5 fieldId=16909323 fieldName=null extras=null}, false)
07-27 19:18:13.951 10713 10713 I GoogleInputMethodService: GoogleInputMethodService.updateDeviceLockedStatus():2077 checkRepeatedly = true, unlocked = true
07-27 19:18:13.952 10713 10713 I DeviceModeUtil: DeviceModeUtil.getDeviceMode():126 Get device mode phone by ui mode:1 and smallestScreenWidthDp:392
07-27 19:18:13.952 10713 10713 I GoogleInputMethodService: GoogleInputMethodService.onStartInputView():1993 onStartInputView(EditorInfo{inputType=0x90001(Normal) imeOptions=0x3 privateImeOptions=null actionName=SEARCH actionLabel=null actionId=0 initialSelStart=0 initialSelEnd=0 initialCapsMode=0x0 hintText=    label=null packageName=com.example.help_m5 fieldId=16909323 fieldName=null extras=null}, false)
07-27 19:18:13.952 10713 10713 I GoogleInputMethodService: GoogleInputMethodService.updateDeviceLockedStatus():2077 checkRepeatedly = true, unlocked = true
07-27 19:18:13.954 10713 10774 I DeviceModeUtil: DeviceModeUtil.getDeviceMode():126 Get device mode phone by ui mode:1 and smallestScreenWidthDp:392
07-27 19:18:13.966 15440 15481 D EGL_emulation: eglMakeCurrent: 0xe9a4b340: ver 2 0 (tinfo 0xde3ab130)
07-27 19:18:13.969 15440 15481 I chatty  : uid=10149(com.example.help_m5) RenderThread identical 1 line
07-27 19:18:13.989 15440 15481 D EGL_emulation: eglMakeCurrent: 0xe9a4b340: ver 2 0 (tinfo 0xde3ab130)
07-27 19:18:13.990 15440 15525 E Volley  : [889] NetworkUtility.shouldRetryException: Unexpected response code 415 for http://20.213.243.141:8080/facility/newest
07-27 19:18:13.991 15440 15481 D EGL_emulation: eglMakeCurrent: 0xe9a4b340: ver 2 0 (tinfo 0xde3ab130)
07-27 19:18:13.992 15440 15440 D databaseConnection: onErrorResponse searchFacilities Error: null
07-27 19:18:13.995 10713 10713 I KeyboardViewUtil: KeyboardViewUtil.getKeyboardHeightRatio():168 systemKeyboardHeightRatio:1.000000; userKeyboardHeightRatio:1.000000.
07-27 19:18:13.995 10713 10713 I AndroidIME: AbstractIme.onActivate():86 LatinIme.onActivate() : EditorInfo = inputType=Text imeActionName=SEARCH dump=[inputType=0x90001 imeOptions=0x3 privateImeOptions=null actionLabel=null actionId=0 initialSelStart=0 initialSelEnd=0 initialCapsMode=0x0 hintText=    label=null packageName=com.example.help_m5 fieldId=16909323 fieldName=null extras=null hintLocales=null contentMimeTypes=null ], IncognitoMode = false, DeviceLocked = false
07-27 19:18:13.995 10713 10713 I Delight5Facilitator: Delight5Facilitator.initializeForIme():779 initializeForIme() : Locale = [en_US], layout = qwerty
07-27 19:18:13.995 10713 10713 I VoiceInputManagerWrapper: VoiceInputManagerWrapper.cancelShutdown():55 cancelShutdown()
07-27 19:18:13.995 10713 10713 I VoiceInputManagerWrapper: VoiceInputManagerWrapper.syncLanguagePacks():67 syncLanguagePacks()
07-27 19:18:13.995 10713 10713 I LatinIme: LatinIme.updateEnableInlineSuggestionsOnDecoderSideFlags():1276 inline flag updated to:false
07-27 19:18:13.995 10713 12895 I SpeechFactory: SpeechRecognitionFactory.maybeScheduleAutoPackDownloadForFallback():202 maybeScheduleAutoPackDownloadForFallback()
07-27 19:18:13.995 10713 12895 I FallbackOnDeviceRecognitionProvider: FallbackOnDeviceRecognitionProvider.maybeScheduleAutoPackDownload():196 maybeScheduleAutoPackDownload() for language tag en-US
07-27 19:18:13.997 10713 10713 I KeyboardWrapper: KeyboardWrapper.consumeEvent():273 Skip consuming an event as current keyboard is deactivated (state=0, keyboard existence=true)
07-27 19:18:13.998 10713 10713 I KeyboardViewUtil: KeyboardViewUtil.calculateMaxKeyboardBodyHeight():44 leave 344 height for app when screen height:2028, header height:121 and isFullscreenMode:false, so the max keyboard body height is:1563
07-27 19:18:13.999 10713 10713 I DeviceModeUtil: DeviceModeUtil.getDeviceMode():126 Get device mode phone by ui mode:1 and smallestScreenWidthDp:392
07-27 19:18:13.999 10713 10713 I KeyboardViewUtil: KeyboardViewUtil.calculateMaxKeyboardBodyHeight():44 leave 344 height for app when screen height:2028, header height:121 and isFullscreenMode:false, so the max keyboard body height is:1563
07-27 19:18:14.000 10713 10713 I DeviceModeUtil: DeviceModeUtil.getDeviceMode():126 Get device mode phone by ui mode:1 and smallestScreenWidthDp:392
07-27 19:18:14.000 10713 10713 I NormalModeController: NormalModeController.getKeyboardBodyViewHolderPaddingBottom():111 currentPrimeKeyboardType:SOFT systemPaddingBottom:-1
07-27 19:18:14.001 10713 10713 I NormalModeController: NormalModeController.getKeyboardBodyViewHolderPaddingBottom():111 currentPrimeKeyboardType:SOFT systemPaddingBottom:-1
07-27 19:18:14.011 10713 10713 I ProactiveSuggestionsHolderManager: ProactiveSuggestionsHolderManager$3.display():213 Requesting to show proactive suggestions: CLIPBOARD PREEMPTIVE_WITH_SUPPRESSION
07-27 19:18:14.012 10713 10713 I VoiceImeExtension: VoiceImeExtension.shouldStartVoiceInputAutomatically():372 No private IME option set to start voice input.
07-27 19:18:14.013 10713 14474 I FederatedC2QExtension: FederatedC2QExtension.setupInferencing():555 Federated Conv2Query inferencing disabled, switching to baseline
07-27 19:18:14.018  1788  1830 D gralloc_ranchu: gralloc_alloc: Creating ashmem region of size 9048064
07-27 19:18:14.024 10713 12898 D EGL_emulation: eglMakeCurrent: 0xf4b7f2e0: ver 2 0 (tinfo 0xc8f6eaf0)
07-27 19:18:14.040  1788  1830 D gralloc_ranchu: gralloc_alloc: Creating ashmem region of size 9048064
07-27 19:18:14.043 10713 10713 I DeviceModeUtil: DeviceModeUtil.getDeviceMode():126 Get device mode phone by ui mode:1 and smallestScreenWidthDp:392
07-27 19:18:14.044 11434 11434 D BoundBrokerSvc: onBind: Intent { act=com.google.android.gms.common.BIND_SHARED_PREFS pkg=com.google.android.gms }
07-27 19:18:14.044 11434 11434 D BoundBrokerSvc: Loading bound service for intent: Intent { act=com.google.android.gms.common.BIND_SHARED_PREFS pkg=com.google.android.gms }
07-27 19:18:14.044 10713 10713 I DeviceModeUtil: DeviceModeUtil.getDeviceMode():126 Get device mode phone by ui mode:1 and smallestScreenWidthDp:392
07-27 19:18:14.044 10713 10713 I NormalModeController: NormalModeController.getKeyboardBodyViewHolderPaddingBottom():111 currentPrimeKeyboardType:SOFT systemPaddingBottom:-1
07-27 19:18:14.045 10713 10828 I Delight5Decoder: Delight5DecoderWrapper.setKeyboardLayout():433 setKeyboardLayout()
07-27 19:18:14.053  1788  1830 D gralloc_ranchu: gralloc_alloc: Creating ashmem region of size 9048064
07-27 19:18:14.061 11434 11434 D BoundBrokerSvc: onUnbind: Intent { act=com.google.android.gms.common.BIND_SHARED_PREFS pkg=com.google.android.gms }
07-27 19:18:14.063 15440 15481 D EGL_emulation: eglMakeCurrent: 0xe9a4b340: ver 2 0 (tinfo 0xde3ab130)
07-27 19:18:14.065 15440 15481 D EGL_emulation: eglMakeCurrent: 0xe9a4b340: ver 2 0 (tinfo 0xde3ab130)
07-27 19:18:14.066 11434 11434 D BoundBrokerSvc: onBind: Intent { act=com.google.android.gms.common.BIND_SHARED_PREFS pkg=com.google.android.gms }
07-27 19:18:14.066 11434 11434 D BoundBrokerSvc: Loading bound service for intent: Intent { act=com.google.android.gms.common.BIND_SHARED_PREFS pkg=com.google.android.gms }
07-27 19:18:14.067 15440 15481 D EGL_emulation: eglMakeCurrent: 0xe9a4b340: ver 2 0 (tinfo 0xde3ab130)
07-27 19:18:14.067 11434 11434 D BoundBrokerSvc: onUnbind: Intent { act=com.google.android.gms.common.BIND_SHARED_PREFS pkg=com.google.android.gms }
07-27 19:18:14.132  1787  2249 E GnssHAL_GnssInterface: gnssSvStatusCb: a: input svInfo.flags is 8
07-27 19:18:14.132  1787  2249 E GnssHAL_GnssInterface: gnssSvStatusCb: b: input svInfo.flags is 8
07-27 19:18:14.226 15440 15440 I ViewInteraction: Performing 'type text(a)' action on view view.getId() is <2131296800/com.example.help_m5:id/searchFacility>
07-27 19:18:14.247 15440 15481 D EGL_emulation: eglMakeCurrent: 0xe9a4b340: ver 2 0 (tinfo 0xde3ab130)
07-27 19:18:14.274 10713 10713 I DeviceModeUtil: DeviceModeUtil.getDeviceMode():126 Get device mode phone by ui mode:1 and smallestScreenWidthDp:392
07-27 19:18:14.534 15440 15440 D UiControllerImpl: Injecting string: "a"
07-27 19:18:14.536 15440 15440 D EntertainmentsFragment: onQueryTextChange in onResume: false
07-27 19:18:14.536 15440 15440 D EntertainmentsFragment: searching: a
07-27 19:18:14.536 15440 15440 D TESTING : Goes here
07-27 19:18:14.554 10713 10713 I KeyboardViewController: KeyboardViewController.lambda$showSelfAndAncestors$6():610 current view doesn't has the priority com.google.android.apps.inputmethod.latin.keyboard.widget.LatinFixedCountCandidatesHolderView{45fe9f6 I.E...... ......ID 99,0-969,121 #7f0b13a5 app:id/softkey_holder_fixed_candidates} to show itself, PREEMPTIVE
07-27 19:18:14.571 15440 15440 I ViewInteraction: Performing 'close keyboard' action on view view.getId() is <2131296800/com.example.help_m5:id/searchFacility>
07-27 19:18:14.573 10713 10713 I GoogleInputMethodService: GoogleInputMethodService.onFinishInputView():2229
07-27 19:18:14.574 10713 10713 I KeyboardWrapper: KeyboardWrapper.consumeEvent():273 Skip consuming an event as current keyboard is deactivated (state=0, keyboard existence=true)
07-27 19:18:14.574 10713 10713 I VoiceInputManagerWrapper: VoiceInputManagerWrapper.shutdown():77 shutdown()
07-27 19:18:14.575 10713 10713 I AndroidIME: AbstractIme.onDeactivate():207 LatinIme.onDeactivate()
07-27 19:18:14.581 10713 14349 E LstmTrainingCache: TrainingInputEventProcessor$1.onSuccess():439 onSuccess()
07-27 19:18:14.590 10713 12898 D EGL_emulation: eglMakeCurrent: 0xf4b7f2e0: ver 2 0 (tinfo 0xc8f6eaf0)
07-27 19:18:15.133  1787  2249 E GnssHAL_GnssInterface: gnssSvStatusCb: a: input svInfo.flags is 8
07-27 19:18:15.133  1787  2249 E GnssHAL_GnssInterface: gnssSvStatusCb: b: input svInfo.flags is 8
07-27 19:18:15.252  1788  1830 D gralloc_ranchu: gralloc_alloc: Creating ashmem region of size 303104
07-27 19:18:15.259  1788  1830 I chatty  : uid=1000(system) HwBinder:1788_1 identical 1 line
07-27 19:18:15.260  1788  1830 D gralloc_ranchu: gralloc_alloc: Creating ashmem region of size 303104
07-27 19:18:15.260 15440 15481 D EGL_emulation: eglMakeCurrent: 0xe9a4b340: ver 2 0 (tinfo 0xde3ab130)
07-27 19:18:15.608 15440 15481 D EGL_emulation: eglMakeCurrent: 0xe9a4b340: ver 2 0 (tinfo 0xde3ab130)
07-27 19:18:15.903 15440 15440 I ViewInteraction: Performing 'single click' action on view view.getId() is <2131296490/com.example.help_m5:id/fab_previous>
07-27 19:18:15.947 15440 15440 D EntertainmentsFragment: page_up in onResume: true
07-27 19:18:15.947 15440 15440 D TESTING : Goes here
07-27 19:18:15.949 15440 15440 D EntertainmentsFragment: current page: 1
07-27 19:18:16.133  1787  2249 E GnssHAL_GnssInterface: gnssSvStatusCb: a: input svInfo.flags is 8
07-27 19:18:16.133  1787  2249 E GnssHAL_GnssInterface: gnssSvStatusCb: b: input svInfo.flags is 8
07-27 19:18:16.195 15440 15440 I ViewInteraction: Performing 'single click' action on view view.getId() is <2131296490/com.example.help_m5:id/fab_previous>
07-27 19:18:16.247 15440 15440 D EntertainmentsFragment: page_up in onResume: true
07-27 19:18:16.247 15440 15440 D TESTING : Goes here
07-27 19:18:16.250 15440 15440 D EntertainmentsFragment: current page: 1
07-27 19:18:16.494 15440 15440 I ViewInteraction: Checking 'MatchesViewAssertion{viewMatcher=an instance of android.widget.TextView and view.getText() with or without transformation to match: is "title studys search 11"}' assertion on view view.getId() is <2131296904/com.example.help_m5:id/titleTextView_facility1>
07-27 19:18:16.495 15440 15440 I ViewInteraction: Checking 'MatchesViewAssertion{viewMatcher=an instance of android.widget.TextView and view.getText() with or without transformation to match: is "date studys search 11"}' assertion on view view.getId() is <2131296428/com.example.help_m5:id/dateTextView_facility1>
07-27 19:18:16.495 15440 15478 W example.help_m: Accessing hidden method Lsun/misc/Unsafe;->getObject(Ljava/lang/Object;J)Ljava/lang/Object; (greylist, linking, allowed)
07-27 19:18:16.496 15440 15440 I ViewInteraction: Checking 'MatchesViewAssertion{viewMatcher=an instance of android.widget.TextView and view.getText() with or without transformation to match: is "content studys search 11"}' assertion on view view.getId() is <2131296413/com.example.help_m5:id/contentTextView_facility1>
07-27 19:18:16.497 15440 15440 I ViewInteraction: Checking 'MatchesViewAssertion{viewMatcher=an instance of android.widget.TextView and view.getText() with or without transformation to match: is "title studys search 7"}' assertion on view view.getId() is <2131296908/com.example.help_m5:id/titleTextView_facility5>
07-27 19:18:16.498 15440 15440 I ViewInteraction: Checking 'MatchesViewAssertion{viewMatcher=an instance of android.widget.TextView and view.getText() with or without transformation to match: is "date studys search 7"}' assertion on view view.getId() is <2131296432/com.example.help_m5:id/dateTextView_facility5>
07-27 19:18:16.498 15440 15440 I ViewInteraction: Checking 'MatchesViewAssertion{viewMatcher=an instance of android.widget.TextView and view.getText() with or without transformation to match: is "content studys search 7"}' assertion on view view.getId() is <2131296417/com.example.help_m5:id/contentTextView_facility5>
07-27 19:18:16.499 15440 15440 I ViewInteraction: Performing 'single click' action on view view.getId() is <2131296489/com.example.help_m5:id/fab_next>
07-27 19:18:16.547 15440 15440 D EntertainmentsFragment: page_down in onResume: true
07-27 19:18:16.548 15440 15440 D TESTING : Goes here
07-27 19:18:16.551 15440 15440 D EntertainmentsFragment: current page: 1
07-27 19:18:16.835 15440 15440 I ViewInteraction: Checking 'MatchesViewAssertion{viewMatcher=an instance of android.widget.TextView and view.getText() with or without transformation to match: is "title studys search 6"}' assertion on view view.getId() is <2131296904/com.example.help_m5:id/titleTextView_facility1>
07-27 19:18:16.836 15440 15440 I ViewInteraction: Checking 'MatchesViewAssertion{viewMatcher=an instance of android.widget.TextView and view.getText() with or without transformation to match: is "date studys search 6"}' assertion on view view.getId() is <2131296428/com.example.help_m5:id/dateTextView_facility1>
07-27 19:18:16.837 15440 15440 I ViewInteraction: Checking 'MatchesViewAssertion{viewMatcher=an instance of android.widget.TextView and view.getText() with or without transformation to match: is "content studys search 6"}' assertion on view view.getId() is <2131296413/com.example.help_m5:id/contentTextView_facility1>
07-27 19:18:16.838 15440 15440 I ViewInteraction: Checking 'MatchesViewAssertion{viewMatcher=an instance of android.widget.TextView and view.getText() with or without transformation to match: is "title studys search 2"}' assertion on view view.getId() is <2131296908/com.example.help_m5:id/titleTextView_facility5>
07-27 19:18:16.838 15440 15440 I ViewInteraction: Checking 'MatchesViewAssertion{viewMatcher=an instance of android.widget.TextView and view.getText() with or without transformation to match: is "date studys search 2"}' assertion on view view.getId() is <2131296432/com.example.help_m5:id/dateTextView_facility5>
07-27 19:18:16.839 15440 15440 I ViewInteraction: Checking 'MatchesViewAssertion{viewMatcher=an instance of android.widget.TextView and view.getText() with or without transformation to match: is "content studys search 2"}' assertion on view view.getId() is <2131296417/com.example.help_m5:id/contentTextView_facility5>
07-27 19:18:16.840 15440 15478 D TESTING : Here: /data/data/com.example.help_m5/files/studys.json
07-27 19:18:16.840 15440 15478 D TESTING : [[11,0,"title studys 11","content studys 11","date studys 11"],[10,0,"title studys 10","content studys 10","date studys 10"],[9,0,"title studys 9","content studys 9","date studys 9"],[8,0,"title studys 8","content studys 8","date studys 8"],[7,0,"title studys 7","content studys 7","date studys 7"],[6,0,"title studys 6","content studys 6","date studys 6"],[5,0,"title studys 5","content studys 5","date studys 5"],[4,0,"title studys 4","content studys 4","date studys 4"],[3,0,"title studys 3","content studys 3","date studys 3"],[2,0,"title studys 2","content studys 2","date studys 2"],[1,0,"title studys 1","content studys 1","date studys 1"]]
07-27 19:18:16.841 15440 15440 I ViewInteraction: Performing 'single click' action on view view.getId() is <2131296487/com.example.help_m5:id/fab_close_or_refresh>
07-27 19:18:16.890 15440 15440 D EntertainmentsFragment: close_or_refresh in onResume: true
07-27 19:18:16.895 10713 10713 I GoogleInputMethodService: GoogleInputMethodService.onStartInput():1885 onStartInput(EditorInfo{inputType=0x90001(Normal) imeOptions=0x3 privateImeOptions=null actionName=SEARCH actionLabel=null actionId=0 initialSelStart=1 initialSelEnd=1 initialCapsMode=0x0 hintText=    label=null packageName=com.example.help_m5 fieldId=16909323 fieldName=null extras=null}, true)
07-27 19:18:16.895 10713 10713 I GoogleInputMethodService: GoogleInputMethodService.updateDeviceLockedStatus():2077 checkRepeatedly = true, unlocked = true
07-27 19:18:16.895 10713 10713 W SessionManager: SessionManager.beginSession():53 Try to begin an already begun session [INPUT_SESSION], end it first
07-27 19:18:16.897 15440 15440 D TESTING : Goes here
07-27 19:18:16.901 15440 15440 D TESTING : Goes here
07-27 19:18:17.133  1787  2249 E GnssHAL_GnssInterface: gnssSvStatusCb: a: input svInfo.flags is 8
07-27 19:18:17.133  1787  2249 E GnssHAL_GnssInterface: gnssSvStatusCb: b: input svInfo.flags is 8
07-27 19:18:17.154 15440 15440 I ViewInteraction: Checking 'MatchesViewAssertion{viewMatcher=an instance of android.widget.TextView and view.getText() with or without transformation to match: is "title studys 11"}' assertion on view view.getId() is <2131296904/com.example.help_m5:id/titleTextView_facility1>
07-27 19:18:17.155 15440 15440 I ViewInteraction: Checking 'MatchesViewAssertion{viewMatcher=an instance of android.widget.TextView and view.getText() with or without transformation to match: is "date studys 11"}' assertion on view view.getId() is <2131296428/com.example.help_m5:id/dateTextView_facility1>
07-27 19:18:17.156 15440 15440 I ViewInteraction: Checking 'MatchesViewAssertion{viewMatcher=an instance of android.widget.TextView and view.getText() with or without transformation to match: is "content studys 11"}' assertion on view view.getId() is <2131296413/com.example.help_m5:id/contentTextView_facility1>
07-27 19:18:17.157 15440 15440 I ViewInteraction: Checking 'MatchesViewAssertion{viewMatcher=an instance of android.widget.TextView and view.getText() with or without transformation to match: is "title studys 7"}' assertion on view view.getId() is <2131296908/com.example.help_m5:id/titleTextView_facility5>
07-27 19:18:17.158 15440 15440 I ViewInteraction: Checking 'MatchesViewAssertion{viewMatcher=an instance of android.widget.TextView and view.getText() with or without transformation to match: is "date studys 7"}' assertion on view view.getId() is <2131296432/com.example.help_m5:id/dateTextView_facility5>
07-27 19:18:17.158 15440 15440 I ViewInteraction: Checking 'MatchesViewAssertion{viewMatcher=an instance of android.widget.TextView and view.getText() with or without transformation to match: is "content studys 7"}' assertion on view view.getId() is <2131296417/com.example.help_m5:id/contentTextView_facility5>
07-27 19:18:17.159 15440 15478 D TESTING : Here: /data/data/com.example.help_m5/files/restaurantsSearch.json
07-27 19:18:17.159 15440 15478 D TESTING : [[11,0,"title restaurants search 11","content restaurants search 11","date restaurants search 11"],[10,0,"title restaurants search 10","content restaurants search 10","date restaurants search 10"],[9,0,"title restaurants search 9","content restaurants search 9","date restaurants search 9"],[8,0,"title restaurants search 8","content restaurants search 8","date restaurants search 8"],[7,0,"title restaurants search 7","content restaurants search 7","date restaurants search 7"],[6,0,"title restaurants search 6","content restaurants search 6","date restaurants search 6"],[5,0,"title restaurants search 5","content restaurants search 5","date restaurants search 5"],[4,0,"title restaurants search 4","content restaurants search 4","date restaurants search 4"],[3,0,"title restaurants search 3","content restaurants search 3","date restaurants search 3"],[2,0,"title restaurants search 2","content restaurants search 2","date restaurants search 2"],[1,0,"title restaurants search 1","content restaurants search 1","date restaurants search 1"]]
07-27 19:18:17.160 15440 15440 I ViewInteraction: Performing 'single click' action on view view.getId() is <2131296838/com.example.help_m5:id/spinnerFacility>
07-27 19:18:17.235  1788  1830 D gralloc_ranchu: gralloc_alloc: Creating ashmem region of size 1732608
07-27 19:18:17.238  1788  1830 I chatty  : uid=1000(system) HwBinder:1788_1 identical 1 line
07-27 19:18:17.239  1788  1830 D gralloc_ranchu: gralloc_alloc: Creating ashmem region of size 1732608
07-27 19:18:17.242 15440 15481 D EGL_emulation: eglMakeCurrent: 0xe9a4b340: ver 2 0 (tinfo 0xde3ab130)
07-27 19:18:17.254 15440 15481 I chatty  : uid=10149(com.example.help_m5) RenderThread identical 2 lines
07-27 19:18:17.292 15440 15481 D EGL_emulation: eglMakeCurrent: 0xe9a4b340: ver 2 0 (tinfo 0xde3ab130)
07-27 19:18:17.299  1788  1830 D gralloc_ranchu: gralloc_alloc: Creating ashmem region of size 638976
07-27 19:18:17.302  1788  1830 I chatty  : uid=1000(system) HwBinder:1788_1 identical 1 line
07-27 19:18:17.302  1788  1830 D gralloc_ranchu: gralloc_alloc: Creating ashmem region of size 638976
07-27 19:18:17.303 15440 15481 D EGL_emulation: eglMakeCurrent: 0xe9a4b340: ver 2 0 (tinfo 0xde3ab130)
07-27 19:18:17.528 15440 15481 I chatty  : uid=10149(com.example.help_m5) RenderThread identical 18 lines
07-27 19:18:17.530 15440 15481 D EGL_emulation: eglMakeCurrent: 0xe9a4b340: ver 2 0 (tinfo 0xde3ab130)
07-27 19:18:17.595 15440 15440 I ViewInteraction: Performing 'load adapter data' action on view is assignable from class <class android.widget.AdapterView>
07-27 19:18:17.608 15440 15481 D EGL_emulation: eglMakeCurrent: 0xe9a4b340: ver 2 0 (tinfo 0xde3ab130)
07-27 19:18:17.609 15440 15440 I ViewInteraction: Performing 'single click' action on view  displaying data matching: ANYTHING within adapter view matching: is assignable from class <class android.widget.AdapterView>
07-27 19:18:17.757 15440 15481 D EGL_emulation: eglMakeCurrent: 0xe9a4b340: ver 2 0 (tinfo 0xde3ab130)
07-27 19:18:17.760 10713 10713 I GoogleInputMethodService: GoogleInputMethodService.onFinishInput():3182
07-27 19:18:17.760 10713 10713 I GoogleInputMethodService: GoogleInputMethodService.updateDeviceLockedStatus():2077 checkRepeatedly = false, unlocked = true
07-27 19:18:17.761 10713 10713 I GoogleInputMethodService: GoogleInputMethodService.onStartInput():1885 onStartInput(EditorInfo{inputType=0x0(NULL) imeOptions=0x0 privateImeOptions=null actionName=UNSPECIFIED actionLabel=null actionId=0 initialSelStart=-1 initialSelEnd=-1 initialCapsMode=0x0 hintText=null label=null packageName=com.example.help_m5 fieldId=-1 fieldName=null extras=null}, false)
07-27 19:18:17.761 10713 10713 I GoogleInputMethodService: GoogleInputMethodService.updateDeviceLockedStatus():2077 checkRepeatedly = true, unlocked = true
07-27 19:18:17.767 15440 15481 D EGL_emulation: eglMakeCurrent: 0xe9a4b340: ver 2 0 (tinfo 0xde3ab130)
07-27 19:18:17.772 15440 15481 D EGL_emulation: eglMakeCurrent: 0xe9a4b340: ver 2 0 (tinfo 0xde3ab130)
07-27 19:18:17.773 15440 15440 D EntertainmentsFragment: facility_type in onItemSelected 3
07-27 19:18:17.773 15440 15440 D TESTING : Not here
07-27 19:18:17.776 15440 15440 D databaseConnection: url in searchFacilities is :http://20.213.243.141:8080/facility/newest
07-27 19:18:17.776 15440 15440 D databaseConnection: {type=3}
07-27 19:18:17.801 15440 15481 D EGL_emulation: eglMakeCurrent: 0xe9a4b340: ver 2 0 (tinfo 0xde3ab130)
07-27 19:18:17.915 15440 15440 I ViewInteraction: Performing 'single click' action on view view.getId() is <2131296800/com.example.help_m5:id/searchFacility>
07-27 19:18:17.929 15440 15481 D EGL_emulation: eglMakeCurrent: 0xe9a4b340: ver 2 0 (tinfo 0xde3ab130)
07-27 19:18:17.932 15440 15481 D EGL_emulation: eglMakeCurrent: 0xe9a4b340: ver 2 0 (tinfo 0xde3ab130)
07-27 19:18:17.970 10713 10713 I GoogleInputMethodService: GoogleInputMethodService.onFinishInput():3182
07-27 19:18:17.970 10713 10713 I GoogleInputMethodService: GoogleInputMethodService.updateDeviceLockedStatus():2077 checkRepeatedly = false, unlocked = true
07-27 19:18:17.970 10713 10713 I GoogleInputMethodService: GoogleInputMethodService.onStartInput():1885 onStartInput(EditorInfo{inputType=0x90001(Normal) imeOptions=0x3 privateImeOptions=null actionName=SEARCH actionLabel=null actionId=0 initialSelStart=0 initialSelEnd=0 initialCapsMode=0x0 hintText=    label=null packageName=com.example.help_m5 fieldId=16909323 fieldName=null extras=null}, false)
07-27 19:18:17.970 10713 10713 I GoogleInputMethodService: GoogleInputMethodService.updateDeviceLockedStatus():2077 checkRepeatedly = true, unlocked = true
07-27 19:18:17.970  2025  2051 E memtrack: Couldn't load memtrack module
07-27 19:18:17.971  2025  2051 W android.os.Debug: failed to get memory consumption info: -1
07-27 19:18:17.972 10713 10713 I DeviceModeUtil: DeviceModeUtil.getDeviceMode():126 Get device mode phone by ui mode:1 and smallestScreenWidthDp:392
07-27 19:18:17.972 10713 10713 I GoogleInputMethodService: GoogleInputMethodService.onStartInputView():1993 onStartInputView(EditorInfo{inputType=0x90001(Normal) imeOptions=0x3 privateImeOptions=null actionName=SEARCH actionLabel=null actionId=0 initialSelStart=0 initialSelEnd=0 initialCapsMode=0x0 hintText=    label=null packageName=com.example.help_m5 fieldId=16909323 fieldName=null extras=null}, false)
07-27 19:18:17.973 10713 10713 I GoogleInputMethodService: GoogleInputMethodService.updateDeviceLockedStatus():2077 checkRepeatedly = true, unlocked = true
07-27 19:18:17.976 10713 10774 I DeviceModeUtil: DeviceModeUtil.getDeviceMode():126 Get device mode phone by ui mode:1 and smallestScreenWidthDp:392
07-27 19:18:17.992 15440 15481 D EGL_emulation: eglMakeCurrent: 0xe9a4b340: ver 2 0 (tinfo 0xde3ab130)
07-27 19:18:17.996 15440 15481 D EGL_emulation: eglMakeCurrent: 0xe9a4b340: ver 2 0 (tinfo 0xde3ab130)
07-27 19:18:18.006 15440 15535 E Volley  : [899] NetworkUtility.shouldRetryException: Unexpected response code 415 for http://20.213.243.141:8080/facility/newest
07-27 19:18:18.007 15440 15481 D EGL_emulation: eglMakeCurrent: 0xe9a4b340: ver 2 0 (tinfo 0xde3ab130)
07-27 19:18:18.009 15440 15481 D EGL_emulation: eglMakeCurrent: 0xe9a4b340: ver 2 0 (tinfo 0xde3ab130)
07-27 19:18:18.010 15440 15440 D databaseConnection: onErrorResponse searchFacilities Error: null
07-27 19:18:18.013 10713 10713 I KeyboardViewUtil: KeyboardViewUtil.getKeyboardHeightRatio():168 systemKeyboardHeightRatio:1.000000; userKeyboardHeightRatio:1.000000.
07-27 19:18:18.013 10713 10713 I AndroidIME: AbstractIme.onActivate():86 LatinIme.onActivate() : EditorInfo = inputType=Text imeActionName=SEARCH dump=[inputType=0x90001 imeOptions=0x3 privateImeOptions=null actionLabel=null actionId=0 initialSelStart=0 initialSelEnd=0 initialCapsMode=0x0 hintText=    label=null packageName=com.example.help_m5 fieldId=16909323 fieldName=null extras=null hintLocales=null contentMimeTypes=null ], IncognitoMode = false, DeviceLocked = false
07-27 19:18:18.014 10713 10713 I Delight5Facilitator: Delight5Facilitator.initializeForIme():779 initializeForIme() : Locale = [en_US], layout = qwerty
07-27 19:18:18.014 10713 10713 I VoiceInputManagerWrapper: VoiceInputManagerWrapper.cancelShutdown():55 cancelShutdown()
07-27 19:18:18.014 10713 10713 I VoiceInputManagerWrapper: VoiceInputManagerWrapper.syncLanguagePacks():67 syncLanguagePacks()
07-27 19:18:18.014 10713 12895 I SpeechFactory: SpeechRecognitionFactory.maybeScheduleAutoPackDownloadForFallback():202 maybeScheduleAutoPackDownloadForFallback()
07-27 19:18:18.014 10713 10713 I LatinIme: LatinIme.updateEnableInlineSuggestionsOnDecoderSideFlags():1276 inline flag updated to:false
07-27 19:18:18.014 10713 12895 I FallbackOnDeviceRecognitionProvider: FallbackOnDeviceRecognitionProvider.maybeScheduleAutoPackDownload():196 maybeScheduleAutoPackDownload() for language tag en-US
07-27 19:18:18.016 10713 10713 I KeyboardWrapper: KeyboardWrapper.consumeEvent():273 Skip consuming an event as current keyboard is deactivated (state=0, keyboard existence=true)
07-27 19:18:18.017 10713 10713 I KeyboardViewUtil: KeyboardViewUtil.calculateMaxKeyboardBodyHeight():44 leave 344 height for app when screen height:2028, header height:121 and isFullscreenMode:false, so the max keyboard body height is:1563
07-27 19:18:18.018 10713 10713 I DeviceModeUtil: DeviceModeUtil.getDeviceMode():126 Get device mode phone by ui mode:1 and smallestScreenWidthDp:392
07-27 19:18:18.018 10713 10713 I KeyboardViewUtil: KeyboardViewUtil.calculateMaxKeyboardBodyHeight():44 leave 344 height for app when screen height:2028, header height:121 and isFullscreenMode:false, so the max keyboard body height is:1563
07-27 19:18:18.033 10713 10713 I DeviceModeUtil: DeviceModeUtil.getDeviceMode():126 Get device mode phone by ui mode:1 and smallestScreenWidthDp:392
07-27 19:18:18.034 10713 10713 I NormalModeController: NormalModeController.getKeyboardBodyViewHolderPaddingBottom():111 currentPrimeKeyboardType:SOFT systemPaddingBottom:-1
07-27 19:18:18.034 10713 10713 I NormalModeController: NormalModeController.getKeyboardBodyViewHolderPaddingBottom():111 currentPrimeKeyboardType:SOFT systemPaddingBottom:-1
07-27 19:18:18.040 10713 10713 I ProactiveSuggestionsHolderManager: ProactiveSuggestionsHolderManager$3.display():213 Requesting to show proactive suggestions: CLIPBOARD PREEMPTIVE_WITH_SUPPRESSION
07-27 19:18:18.040 10713 10713 I VoiceImeExtension: VoiceImeExtension.shouldStartVoiceInputAutomatically():372 No private IME option set to start voice input.
07-27 19:18:18.041 10713 14474 I FederatedC2QExtension: FederatedC2QExtension.setupInferencing():555 Federated Conv2Query inferencing disabled, switching to baseline
07-27 19:18:18.051  1788  1830 D gralloc_ranchu: gralloc_alloc: Creating ashmem region of size 9048064
07-27 19:18:18.056 10713 12898 D EGL_emulation: eglMakeCurrent: 0xf4b7f2e0: ver 2 0 (tinfo 0xc8f6eaf0)
07-27 19:18:18.059  1788  1830 D gralloc_ranchu: gralloc_alloc: Creating ashmem region of size 9048064
07-27 19:18:18.059 11434 11434 D BoundBrokerSvc: onBind: Intent { act=com.google.android.gms.common.BIND_SHARED_PREFS pkg=com.google.android.gms }
07-27 19:18:18.059 11434 11434 D BoundBrokerSvc: Loading bound service for intent: Intent { act=com.google.android.gms.common.BIND_SHARED_PREFS pkg=com.google.android.gms }
07-27 19:18:18.061 10713 10713 I DeviceModeUtil: DeviceModeUtil.getDeviceMode():126 Get device mode phone by ui mode:1 and smallestScreenWidthDp:392
07-27 19:18:18.062 10713 10713 I DeviceModeUtil: DeviceModeUtil.getDeviceMode():126 Get device mode phone by ui mode:1 and smallestScreenWidthDp:392
07-27 19:18:18.062 10713 10713 I NormalModeController: NormalModeController.getKeyboardBodyViewHolderPaddingBottom():111 currentPrimeKeyboardType:SOFT systemPaddingBottom:-1
07-27 19:18:18.063 10713 10828 I Delight5Decoder: Delight5DecoderWrapper.setKeyboardLayout():433 setKeyboardLayout()
07-27 19:18:18.066 15440 15481 D EGL_emulation: eglMakeCurrent: 0xe9a4b340: ver 2 0 (tinfo 0xde3ab130)
07-27 19:18:18.067 15440 15481 D OpenGLRenderer: endAllActiveAnimators on 0xca078a80 (DropDownListView) with handle 0xde3b2c20
07-27 19:18:18.067 11434 11434 D BoundBrokerSvc: onUnbind: Intent { act=com.google.android.gms.common.BIND_SHARED_PREFS pkg=com.google.android.gms }
07-27 19:18:18.092  1788  1830 D gralloc_ranchu: gralloc_alloc: Creating ashmem region of size 9048064
07-27 19:18:18.109 15440 15481 D EGL_emulation: eglMakeCurrent: 0xe9a4b340: ver 2 0 (tinfo 0xde3ab130)
07-27 19:18:18.112 11434 11434 D BoundBrokerSvc: onBind: Intent { act=com.google.android.gms.common.BIND_SHARED_PREFS pkg=com.google.android.gms }
07-27 19:18:18.112 11434 11434 D BoundBrokerSvc: Loading bound service for intent: Intent { act=com.google.android.gms.common.BIND_SHARED_PREFS pkg=com.google.android.gms }
07-27 19:18:18.114 11434 11434 D BoundBrokerSvc: onUnbind: Intent { act=com.google.android.gms.common.BIND_SHARED_PREFS pkg=com.google.android.gms }
07-27 19:18:18.133  1787  2249 E GnssHAL_GnssInterface: gnssSvStatusCb: a: input svInfo.flags is 8
07-27 19:18:18.133  1787  2249 E GnssHAL_GnssInterface: gnssSvStatusCb: b: input svInfo.flags is 8
07-27 19:18:18.234 15440 15440 I ViewInteraction: Performing 'type text(a)' action on view view.getId() is <2131296800/com.example.help_m5:id/searchFacility>
07-27 19:18:18.276 10713 10713 I DeviceModeUtil: DeviceModeUtil.getDeviceMode():126 Get device mode phone by ui mode:1 and smallestScreenWidthDp:392
07-27 19:18:18.435 11460 11576 I WorkerManager: dispose()
07-27 19:18:18.436 11460 11576 W A       : Queue length for executor EventBus is now 11. Perhaps some tasks are too long, or the pool is too small.
07-27 19:18:18.514 15440 15440 D UiControllerImpl: Injecting string: "a"
07-27 19:18:18.516 15440 15440 D EntertainmentsFragment: onQueryTextChange in onResume: false
07-27 19:18:18.517 15440 15440 D EntertainmentsFragment: searching: a
07-27 19:18:18.517 15440 15440 D TESTING : Goes here
07-27 19:18:18.537 10713 10713 I KeyboardViewController: KeyboardViewController.lambda$showSelfAndAncestors$6():610 current view doesn't has the priority com.google.android.apps.inputmethod.latin.keyboard.widget.LatinFixedCountCandidatesHolderView{45fe9f6 I.E...... ......ID 99,0-969,121 #7f0b13a5 app:id/softkey_holder_fixed_candidates} to show itself, PREEMPTIVE
07-27 19:18:18.560 15440 15440 I ViewInteraction: Performing 'close keyboard' action on view view.getId() is <2131296800/com.example.help_m5:id/searchFacility>
07-27 19:18:18.564 10713 10713 I GoogleInputMethodService: GoogleInputMethodService.onFinishInputView():2229
07-27 19:18:18.567 10713 10713 I KeyboardWrapper: KeyboardWrapper.consumeEvent():273 Skip consuming an event as current keyboard is deactivated (state=0, keyboard existence=true)
07-27 19:18:18.567 10713 10713 I VoiceInputManagerWrapper: VoiceInputManagerWrapper.shutdown():77 shutdown()
07-27 19:18:18.567 10713 10713 I AndroidIME: AbstractIme.onDeactivate():207 LatinIme.onDeactivate()
07-27 19:18:18.573 10713 14351 E LstmTrainingCache: TrainingInputEventProcessor$1.onSuccess():439 onSuccess()
07-27 19:18:18.588 10713 12898 D EGL_emulation: eglMakeCurrent: 0xf4b7f2e0: ver 2 0 (tinfo 0xc8f6eaf0)
07-27 19:18:19.133  1787  2249 E GnssHAL_GnssInterface: gnssSvStatusCb: a: input svInfo.flags is 8
07-27 19:18:19.133  1787  2249 E GnssHAL_GnssInterface: gnssSvStatusCb: b: input svInfo.flags is 8
07-27 19:18:19.269  1788  1830 D gralloc_ranchu: gralloc_alloc: Creating ashmem region of size 303104
07-27 19:18:19.274  1788  1830 I chatty  : uid=1000(system) HwBinder:1788_1 identical 1 line
07-27 19:18:19.274  1788  1830 D gralloc_ranchu: gralloc_alloc: Creating ashmem region of size 303104
07-27 19:18:19.275 15440 15481 D EGL_emulation: eglMakeCurrent: 0xe9a4b340: ver 2 0 (tinfo 0xde3ab130)
07-27 19:18:19.606 15440 15481 D EGL_emulation: eglMakeCurrent: 0xe9a4b340: ver 2 0 (tinfo 0xde3ab130)
07-27 19:18:19.904 15440 15440 I ViewInteraction: Performing 'single click' action on view view.getId() is <2131296490/com.example.help_m5:id/fab_previous>
07-27 19:18:19.947 15440 15440 D EntertainmentsFragment: page_up in onResume: true
07-27 19:18:19.947 15440 15440 D TESTING : Goes here
07-27 19:18:19.950 15440 15440 D EntertainmentsFragment: current page: 1
07-27 19:18:20.133  1787  2249 E GnssHAL_GnssInterface: gnssSvStatusCb: a: input svInfo.flags is 8
07-27 19:18:20.133  1787  2249 E GnssHAL_GnssInterface: gnssSvStatusCb: b: input svInfo.flags is 8
07-27 19:18:20.184 15440 15440 I ViewInteraction: Performing 'single click' action on view view.getId() is <2131296490/com.example.help_m5:id/fab_previous>
07-27 19:18:20.234 15440 15440 D EntertainmentsFragment: page_up in onResume: true
07-27 19:18:20.234 15440 15440 D TESTING : Goes here
07-27 19:18:20.237 15440 15440 D EntertainmentsFragment: current page: 1
07-27 19:18:20.474 15440 15440 I ViewInteraction: Checking 'MatchesViewAssertion{viewMatcher=an instance of android.widget.TextView and view.getText() with or without transformation to match: is "title restaurants search 11"}' assertion on view view.getId() is <2131296904/com.example.help_m5:id/titleTextView_facility1>
07-27 19:18:20.475 15440 15440 I ViewInteraction: Checking 'MatchesViewAssertion{viewMatcher=an instance of android.widget.TextView and view.getText() with or without transformation to match: is "date restaurants search 11"}' assertion on view view.getId() is <2131296428/com.example.help_m5:id/dateTextView_facility1>
07-27 19:18:20.475 15440 15440 I ViewInteraction: Checking 'MatchesViewAssertion{viewMatcher=an instance of android.widget.TextView and view.getText() with or without transformation to match: is "content restaurants search 11"}' assertion on view view.getId() is <2131296413/com.example.help_m5:id/contentTextView_facility1>
07-27 19:18:20.476 15440 15440 I ViewInteraction: Checking 'MatchesViewAssertion{viewMatcher=an instance of android.widget.TextView and view.getText() with or without transformation to match: is "title restaurants search 7"}' assertion on view view.getId() is <2131296908/com.example.help_m5:id/titleTextView_facility5>
07-27 19:18:20.477 15440 15440 I ViewInteraction: Checking 'MatchesViewAssertion{viewMatcher=an instance of android.widget.TextView and view.getText() with or without transformation to match: is "date restaurants search 7"}' assertion on view view.getId() is <2131296432/com.example.help_m5:id/dateTextView_facility5>
07-27 19:18:20.477 15440 15440 I ViewInteraction: Checking 'MatchesViewAssertion{viewMatcher=an instance of android.widget.TextView and view.getText() with or without transformation to match: is "content restaurants search 7"}' assertion on view view.getId() is <2131296417/com.example.help_m5:id/contentTextView_facility5>
07-27 19:18:20.478 15440 15440 I ViewInteraction: Performing 'single click' action on view view.getId() is <2131296489/com.example.help_m5:id/fab_next>
07-27 19:18:20.526 15440 15440 D EntertainmentsFragment: page_down in onResume: true
07-27 19:18:20.526 15440 15440 D TESTING : Goes here
07-27 19:18:20.529 15440 15440 D EntertainmentsFragment: current page: 1
07-27 19:18:20.794 15440 15440 I ViewInteraction: Checking 'MatchesViewAssertion{viewMatcher=an instance of android.widget.TextView and view.getText() with or without transformation to match: is "title restaurants search 6"}' assertion on view view.getId() is <2131296904/com.example.help_m5:id/titleTextView_facility1>
07-27 19:18:20.795 15440 15440 I ViewInteraction: Checking 'MatchesViewAssertion{viewMatcher=an instance of android.widget.TextView and view.getText() with or without transformation to match: is "date restaurants search 6"}' assertion on view view.getId() is <2131296428/com.example.help_m5:id/dateTextView_facility1>
07-27 19:18:20.796 15440 15440 I ViewInteraction: Checking 'MatchesViewAssertion{viewMatcher=an instance of android.widget.TextView and view.getText() with or without transformation to match: is "content restaurants search 6"}' assertion on view view.getId() is <2131296413/com.example.help_m5:id/contentTextView_facility1>
07-27 19:18:20.796 15440 15440 I ViewInteraction: Checking 'MatchesViewAssertion{viewMatcher=an instance of android.widget.TextView and view.getText() with or without transformation to match: is "title restaurants search 2"}' assertion on view view.getId() is <2131296908/com.example.help_m5:id/titleTextView_facility5>
07-27 19:18:20.797 15440 15440 I ViewInteraction: Checking 'MatchesViewAssertion{viewMatcher=an instance of android.widget.TextView and view.getText() with or without transformation to match: is "date restaurants search 2"}' assertion on view view.getId() is <2131296432/com.example.help_m5:id/dateTextView_facility5>
07-27 19:18:20.798 15440 15440 I ViewInteraction: Checking 'MatchesViewAssertion{viewMatcher=an instance of android.widget.TextView and view.getText() with or without transformation to match: is "content restaurants search 2"}' assertion on view view.getId() is <2131296417/com.example.help_m5:id/contentTextView_facility5>
07-27 19:18:20.798 15440 15478 D TESTING : Here: /data/data/com.example.help_m5/files/restaurants.json
07-27 19:18:20.798 15440 15478 D TESTING : [[11,0,"title restaurants 11","content restaurants 11","date restaurants 11"],[10,0,"title restaurants 10","content restaurants 10","date restaurants 10"],[9,0,"title restaurants 9","content restaurants 9","date restaurants 9"],[8,0,"title restaurants 8","content restaurants 8","date restaurants 8"],[7,0,"title restaurants 7","content restaurants 7","date restaurants 7"],[6,0,"title restaurants 6","content restaurants 6","date restaurants 6"],[5,0,"title restaurants 5","content restaurants 5","date restaurants 5"],[4,0,"title restaurants 4","content restaurants 4","date restaurants 4"],[3,0,"title restaurants 3","content restaurants 3","date restaurants 3"],[2,0,"title restaurants 2","content restaurants 2","date restaurants 2"],[1,0,"title restaurants 1","content restaurants 1","date restaurants 1"]]
07-27 19:18:20.799 15440 15440 I ViewInteraction: Performing 'single click' action on view view.getId() is <2131296487/com.example.help_m5:id/fab_close_or_refresh>
07-27 19:18:20.844 15440 15440 D EntertainmentsFragment: close_or_refresh in onResume: true
07-27 19:18:20.846 10713 10713 I GoogleInputMethodService: GoogleInputMethodService.onStartInput():1885 onStartInput(EditorInfo{inputType=0x90001(Normal) imeOptions=0x3 privateImeOptions=null actionName=SEARCH actionLabel=null actionId=0 initialSelStart=1 initialSelEnd=1 initialCapsMode=0x0 hintText=    label=null packageName=com.example.help_m5 fieldId=16909323 fieldName=null extras=null}, true)
07-27 19:18:20.847 10713 10713 I GoogleInputMethodService: GoogleInputMethodService.updateDeviceLockedStatus():2077 checkRepeatedly = true, unlocked = true
07-27 19:18:20.847 10713 10713 W SessionManager: SessionManager.beginSession():53 Try to begin an already begun session [INPUT_SESSION], end it first
07-27 19:18:20.847 15440 15440 D TESTING : Goes here
07-27 19:18:20.851 15440 15440 D TESTING : Goes here
07-27 19:18:21.115 15440 15440 I ViewInteraction: Checking 'MatchesViewAssertion{viewMatcher=an instance of android.widget.TextView and view.getText() with or without transformation to match: is "title restaurants 11"}' assertion on view view.getId() is <2131296904/com.example.help_m5:id/titleTextView_facility1>
07-27 19:18:21.115 15440 15440 I ViewInteraction: Checking 'MatchesViewAssertion{viewMatcher=an instance of android.widget.TextView and view.getText() with or without transformation to match: is "date restaurants 11"}' assertion on view view.getId() is <2131296428/com.example.help_m5:id/dateTextView_facility1>
07-27 19:18:21.116 15440 15440 I ViewInteraction: Checking 'MatchesViewAssertion{viewMatcher=an instance of android.widget.TextView and view.getText() with or without transformation to match: is "content restaurants 11"}' assertion on view view.getId() is <2131296413/com.example.help_m5:id/contentTextView_facility1>
07-27 19:18:21.116 15440 15440 I ViewInteraction: Checking 'MatchesViewAssertion{viewMatcher=an instance of android.widget.TextView and view.getText() with or without transformation to match: is "title restaurants 7"}' assertion on view view.getId() is <2131296908/com.example.help_m5:id/titleTextView_facility5>
07-27 19:18:21.117 15440 15440 I ViewInteraction: Checking 'MatchesViewAssertion{viewMatcher=an instance of android.widget.TextView and view.getText() with or without transformation to match: is "date restaurants 7"}' assertion on view view.getId() is <2131296432/com.example.help_m5:id/dateTextView_facility5>
07-27 19:18:21.118 15440 15440 I ViewInteraction: Checking 'MatchesViewAssertion{viewMatcher=an instance of android.widget.TextView and view.getText() with or without transformation to match: is "content restaurants 7"}' assertion on view view.getId() is <2131296417/com.example.help_m5:id/contentTextView_facility5>
07-27 19:18:21.118 15440 15478 D TESTING : Here: /data/data/com.example.help_m5/files/postsSearch.json
07-27 19:18:21.118 15440 15478 D TESTING : [[11,0,"title posts search 11","content posts search 11","date posts search 11"],[10,0,"title posts search 10","content posts search 10","date posts search 10"],[9,0,"title posts search 9","content posts search 9","date posts search 9"],[8,0,"title posts search 8","content posts search 8","date posts search 8"],[7,0,"title posts search 7","content posts search 7","date posts search 7"],[6,0,"title posts search 6","content posts search 6","date posts search 6"],[5,0,"title posts search 5","content posts search 5","date posts search 5"],[4,0,"title posts search 4","content posts search 4","date posts search 4"],[3,0,"title posts search 3","content posts search 3","date posts search 3"],[2,0,"title posts search 2","content posts search 2","date posts search 2"],[1,0,"title posts search 1","content posts search 1","date posts search 1"]]
07-27 19:18:21.119 15440 15440 I ViewInteraction: Performing 'single click' action on view view.getId() is <2131296838/com.example.help_m5:id/spinnerFacility>
07-27 19:18:21.133  1787  2249 E GnssHAL_GnssInterface: gnssSvStatusCb: a: input svInfo.flags is 8
07-27 19:18:21.133  1787  2249 E GnssHAL_GnssInterface: gnssSvStatusCb: b: input svInfo.flags is 8
07-27 19:18:21.187  1788  1830 D gralloc_ranchu: gralloc_alloc: Creating ashmem region of size 1732608
07-27 19:18:21.189  1788  1830 I chatty  : uid=1000(system) HwBinder:1788_1 identical 1 line
07-27 19:18:21.189  1788  1830 D gralloc_ranchu: gralloc_alloc: Creating ashmem region of size 1732608
07-27 19:18:21.194 15440 15481 D EGL_emulation: eglMakeCurrent: 0xe9a4b340: ver 2 0 (tinfo 0xde3ab130)
07-27 19:18:21.247 15440 15481 I chatty  : uid=10149(com.example.help_m5) RenderThread identical 4 lines
07-27 19:18:21.268 15440 15481 D EGL_emulation: eglMakeCurrent: 0xe9a4b340: ver 2 0 (tinfo 0xde3ab130)
07-27 19:18:21.289  1788  1830 D gralloc_ranchu: gralloc_alloc: Creating ashmem region of size 303104
07-27 19:18:21.292  1788  1830 I chatty  : uid=1000(system) HwBinder:1788_1 identical 1 line
07-27 19:18:21.293  1788  1830 D gralloc_ranchu: gralloc_alloc: Creating ashmem region of size 303104
07-27 19:18:21.297 15440 15481 D EGL_emulation: eglMakeCurrent: 0xe9a4b340: ver 2 0 (tinfo 0xde3ab130)
07-27 19:18:21.466 15440 15481 I chatty  : uid=10149(com.example.help_m5) RenderThread identical 6 lines
07-27 19:18:21.468 15440 15481 D EGL_emulation: eglMakeCurrent: 0xe9a4b340: ver 2 0 (tinfo 0xde3ab130)
07-27 19:18:21.469 15440 15440 I ViewInteraction: Performing 'load adapter data' action on view is assignable from class <class android.widget.AdapterView>
07-27 19:18:21.488 15440 15440 I ViewInteraction: Performing 'single click' action on view  displaying data matching: ANYTHING within adapter view matching: is assignable from class <class android.widget.AdapterView>
07-27 19:18:21.527 15440 15481 D EGL_emulation: eglMakeCurrent: 0xe9a4b340: ver 2 0 (tinfo 0xde3ab130)
07-27 19:18:21.548 15440 15481 I chatty  : uid=10149(com.example.help_m5) RenderThread identical 1 line
