07-27 19:18:08.296 15440 15478 I TestRunner: started: TestSearchAndChangeSpinner(com.example.help_m5.findFacilityTests.bySearchingTests)
07-27 19:18:08.305 15440 15478 W Settings: Setting always_finish_activities has moved from android.provider.Settings.System to android.provider.Settings.Global, returning read-only value.
07-27 19:18:08.314  2025  3396 W InputReader: Device has associated, but no associated display id.
07-27 19:18:08.315  2025  3396 I chatty  : uid=1000(system) Binder:2025_13 identical 38 lines
07-27 19:18:08.315  2025  3396 W InputReader: Device has associated, but no associated display id.
07-27 19:18:08.316 15440 15440 W ActivityThread: handleWindowVisibility: no activity for token android.os.BinderProxy@4d16321
07-27 19:18:08.317  2025  2047 E system_server: Invalid ID 0x00000000.
07-27 19:18:08.326  1819  1873 E SurfaceFlinger: ro.sf.lcd_density must be defined as a build property
07-27 19:18:08.327  1819  1873 E SurfaceFlinger: ro.sf.lcd_density must be defined as a build property
07-27 19:18:08.327  1788  1830 D gralloc_ranchu: gralloc_alloc: Creating ashmem region of size 9334784
07-27 19:18:08.331 15440 15482 D libEGL  : Emulator has host GPU support, qemu.gles is set to 1.
07-27 19:18:08.336 15440 15440 D LifecycleMonitor: Lifecycle status change: androidx.test.core.app.InstrumentationActivityInvoker$BootstrapActivity@419907 in: PRE_ON_CREATE
07-27 19:18:08.336 15440 15440 V ActivityScenario: Activity lifecycle changed event received but ignored because the intent does not match. startActivityIntent=Intent { act=android.intent.action.MAIN cat=[android.intent.category.LAUNCHER] cmp=com.example.help_m5/androidx.fragment.app.testing.FragmentScenario$EmptyFragmentActivity (has extras) }, activity.getIntent()=Intent { act=android.intent.action.MAIN cat=[android.intent.category.LAUNCHER] flg=0x10008000 cmp=com.example.help_m5/androidx.test.core.app.InstrumentationActivityInvoker$BootstrapActivity (has extras) }, activity=androidx.test.core.app.InstrumentationActivityInvoker$BootstrapActivity@419907
07-27 19:18:08.337 15440 15482 W libc    : Unable to set property "qemu.gles" to "1": connection failed; errno=13 (Permission denied)
07-27 19:18:08.318 15440 15440 W RenderThread: type=1400 audit(0.0:107): avc: denied { write } for name="property_service" dev="tmpfs" ino=8377 scontext=u:r:untrusted_app:s0:c149,c256,c512,c768 tcontext=u:object_r:property_socket:s0 tclass=sock_file permissive=0
07-27 19:18:08.354 15440 15440 D LifecycleMonitor: Lifecycle status change: androidx.test.core.app.InstrumentationActivityInvoker$BootstrapActivity@419907 in: CREATED
07-27 19:18:08.354 15440 15440 V ActivityScenario: Activity lifecycle changed event received but ignored because the intent does not match. startActivityIntent=Intent { act=android.intent.action.MAIN cat=[android.intent.category.LAUNCHER] cmp=com.example.help_m5/androidx.fragment.app.testing.FragmentScenario$EmptyFragmentActivity (has extras) }, activity.getIntent()=Intent { act=android.intent.action.MAIN cat=[android.intent.category.LAUNCHER] flg=0x10008000 cmp=com.example.help_m5/androidx.test.core.app.InstrumentationActivityInvoker$BootstrapActivity (has extras) }, activity=androidx.test.core.app.InstrumentationActivityInvoker$BootstrapActivity@419907
07-27 19:18:08.355 15440 15440 D LifecycleMonitor: Lifecycle status change: androidx.test.core.app.InstrumentationActivityInvoker$BootstrapActivity@419907 in: STARTED
07-27 19:18:08.356 15440 15440 V ActivityScenario: Activity lifecycle changed event received but ignored because the intent does not match. startActivityIntent=Intent { act=android.intent.action.MAIN cat=[android.intent.category.LAUNCHER] cmp=com.example.help_m5/androidx.fragment.app.testing.FragmentScenario$EmptyFragmentActivity (has extras) }, activity.getIntent()=Intent { act=android.intent.action.MAIN cat=[android.intent.category.LAUNCHER] flg=0x10008000 cmp=com.example.help_m5/androidx.test.core.app.InstrumentationActivityInvoker$BootstrapActivity (has extras) }, activity=androidx.test.core.app.InstrumentationActivityInvoker$BootstrapActivity@419907
07-27 19:18:08.363  2025  2047 W InputReader: Device has associated, but no associated display id.
07-27 19:18:08.363  2025  2047 I chatty  : uid=1000(system) android.anim identical 8 lines
07-27 19:18:08.363  2025  2047 W InputReader: Device has associated, but no associated display id.
07-27 19:18:08.384  2186  2409 D EGL_emulation: eglMakeCurrent: 0xe99a1d20: ver 2 0 (tinfo 0xe9a8cb70)
07-27 19:18:08.384 11460 11616 D EGL_emulation: eglMakeCurrent: 0xbfae7de0: ver 2 0 (tinfo 0xbf8e1c30)
07-27 19:18:08.388  2361  3013 D EGL_emulation: eglMakeCurrent: 0xe191a120: ver 2 0 (tinfo 0xe190f460)
07-27 19:18:08.394 15440 15482 D libEGL  : loaded /vendor/lib/egl/libEGL_emulation.so
07-27 19:18:08.395 15440 15482 D libEGL  : loaded /vendor/lib/egl/libGLESv1_CM_emulation.so
07-27 19:18:08.396 15440 15482 D libEGL  : loaded /vendor/lib/egl/libGLESv2_emulation.so
07-27 19:18:08.397 15440 15440 D LifecycleMonitor: Lifecycle status change: androidx.test.core.app.InstrumentationActivityInvoker$BootstrapActivity@419907 in: RESUMED
07-27 19:18:08.397 15440 15440 V ActivityScenario: Activity lifecycle changed event received but ignored because the intent does not match. startActivityIntent=Intent { act=android.intent.action.MAIN cat=[android.intent.category.LAUNCHER] cmp=com.example.help_m5/androidx.fragment.app.testing.FragmentScenario$EmptyFragmentActivity (has extras) }, activity.getIntent()=Intent { act=android.intent.action.MAIN cat=[android.intent.category.LAUNCHER] flg=0x10008000 cmp=com.example.help_m5/androidx.test.core.app.InstrumentationActivityInvoker$BootstrapActivity (has extras) }, activity=androidx.test.core.app.InstrumentationActivityInvoker$BootstrapActivity@419907
07-27 19:18:08.398 15440 15440 D LifecycleMonitor: Lifecycle status change: androidx.test.core.app.InstrumentationActivityInvoker$BootstrapActivity@419907 in: PAUSED
07-27 19:18:08.398 15440 15440 V ActivityScenario: Activity lifecycle changed event received but ignored because the intent does not match. startActivityIntent=Intent { act=android.intent.action.MAIN cat=[android.intent.category.LAUNCHER] cmp=com.example.help_m5/androidx.fragment.app.testing.FragmentScenario$EmptyFragmentActivity (has extras) }, activity.getIntent()=Intent { act=android.intent.action.MAIN cat=[android.intent.category.LAUNCHER] flg=0x10008000 cmp=com.example.help_m5/androidx.test.core.app.InstrumentationActivityInvoker$BootstrapActivity (has extras) }, activity=androidx.test.core.app.InstrumentationActivityInvoker$BootstrapActivity@419907
07-27 19:18:08.398  2025  2948 W InputReader: Device has associated, but no associated display id.
07-27 19:18:08.401  2025  2948 I chatty  : uid=1000(system) Binder:2025_A identical 58 lines
07-27 19:18:08.401  2025  2948 W InputReader: Device has associated, but no associated display id.
07-27 19:18:08.402 15440 15440 W ActivityThread: handleWindowVisibility: no activity for token android.os.BinderProxy@47cdbcc
07-27 19:18:08.414 11460 13630 I PBSessionCacheImpl: Deleted sessionId[50403271989422750] from persistence.
07-27 19:18:08.432 11460 11576 I A       : Using proto config with mendel
07-27 19:18:08.435 11460 11576 I A       : Using proto config with mendel
07-27 19:18:08.435 11460 11576 W SearchServiceCore: Abort, client detached.
07-27 19:18:08.437 11460 11576 I MicroDetectionState: Should stop hotword detection immediately - true
07-27 19:18:08.437 11460 11576 I A       : Using proto config with mendel
07-27 19:18:08.437 11460 11576 I A       : Using proto config with mendel
07-27 19:18:08.439 15440 15440 D LifecycleMonitor: Lifecycle status change: androidx.fragment.app.testing.FragmentScenario$EmptyFragmentActivity@3cacacd in: PRE_ON_CREATE
07-27 19:18:08.439 15440 15440 V ActivityScenario: Activity lifecycle changed event received but ignored because the reported transition was not ON_CREATE while the last known transition was PRE_ON_CREATE
07-27 19:18:08.477 15440 15440 D LifecycleMonitor: Lifecycle status change: androidx.fragment.app.testing.FragmentScenario$EmptyFragmentActivity@3cacacd in: CREATED
07-27 19:18:08.478 15440 15440 V ActivityScenario: Update currentActivityStage to CREATED, currentActivity=androidx.fragment.app.testing.FragmentScenario$EmptyFragmentActivity@3cacacd
07-27 19:18:08.479 15440 15440 D LifecycleMonitor: Lifecycle status change: androidx.fragment.app.testing.FragmentScenario$EmptyFragmentActivity@3cacacd in: STARTED
07-27 19:18:08.479 15440 15440 V ActivityScenario: Update currentActivityStage to STARTED, currentActivity=androidx.fragment.app.testing.FragmentScenario$EmptyFragmentActivity@3cacacd
07-27 19:18:08.480 15440 15440 D LifecycleMonitor: Lifecycle status change: androidx.fragment.app.testing.FragmentScenario$EmptyFragmentActivity@3cacacd in: RESUMED
07-27 19:18:08.480 15440 15440 V ActivityScenario: Update currentActivityStage to RESUMED, currentActivity=androidx.fragment.app.testing.FragmentScenario$EmptyFragmentActivity@3cacacd
07-27 19:18:08.512 15440 15481 D HostConnection: HostConnection::get() New Host Connection established 0xde374710, tid 15481
07-27 19:18:08.515 15440 15481 D HostConnection: HostComposition ext ANDROID_EMU_CHECKSUM_HELPER_v1 ANDROID_EMU_dma_v1 ANDROID_EMU_direct_mem ANDROID_EMU_host_composition_v1 ANDROID_EMU_host_composition_v2 ANDROID_EMU_vulkan ANDROID_EMU_deferred_vulkan_commands ANDROID_EMU_vulkan_null_optional_strings ANDROID_EMU_vulkan_create_resources_with_requirements ANDROID_EMU_YUV420_888_to_NV21 ANDROID_EMU_YUV_Cache ANDROID_EMU_vulkan_free_memory_sync ANDROID_EMU_vulkan_shader_float16_int8 ANDROID_EMU_vulkan_async_queue_submit ANDROID_EMU_sync_buffer_data GL_OES_vertex_array_object GL_KHR_texture_compression_astc_ldr ANDROID_EMU_host_side_tracing ANDROID_EMU_gles_max_version_2
07-27 19:18:08.517 15440 15481 W OpenGLRenderer: Failed to choose config with EGL_SWAP_BEHAVIOR_PRESERVED, retrying without...
07-27 19:18:08.528 15440 15481 D eglCodecCommon: setVertexArrayObject: set vao to 0 (0) 0 0
07-27 19:18:08.528 15440 15481 D EGL_emulation: eglCreateContext: 0xe9a4b340: maj 2 min 0 rcv 2
07-27 19:18:08.549 15440 15481 D EGL_emulation: eglMakeCurrent: 0xe9a4b340: ver 2 0 (tinfo 0xde3ab130)
07-27 19:18:08.553  1788  1830 D gralloc_ranchu: gralloc_alloc: Creating ashmem region of size 9334784
07-27 19:18:08.554  1675  1675 I hwservicemanager: getTransport: Cannot find entry android.hardware.graphics.mapper@3.0::IMapper/default in either framework or device manifest.
07-27 19:18:08.555 15440 15481 W Gralloc3: mapper 3.x is not supported
07-27 19:18:08.555 15440 15481 D HostConnection: createUnique: call
07-27 19:18:08.557 15440 15481 D HostConnection: HostConnection::get() New Host Connection established 0xde375f70, tid 15481
07-27 19:18:08.557 15440 15481 D HostConnection: HostComposition ext ANDROID_EMU_CHECKSUM_HELPER_v1 ANDROID_EMU_dma_v1 ANDROID_EMU_direct_mem ANDROID_EMU_host_composition_v1 ANDROID_EMU_host_composition_v2 ANDROID_EMU_vulkan ANDROID_EMU_deferred_vulkan_commands ANDROID_EMU_vulkan_null_optional_strings ANDROID_EMU_vulkan_create_resources_with_requirements ANDROID_EMU_YUV420_888_to_NV21 ANDROID_EMU_YUV_Cache ANDROID_EMU_vulkan_free_memory_sync ANDROID_EMU_vulkan_shader_float16_int8 ANDROID_EMU_vulkan_async_queue_submit ANDROID_EMU_sync_buffer_data GL_OES_vertex_array_object GL_KHR_texture_compression_astc_ldr ANDROID_EMU_host_side_tracing ANDROID_EMU_gles_max_version_2
07-27 19:18:08.557 15440 15481 D eglCodecCommon: allocate: Ask for block of size 0x1000
07-27 19:18:08.557 15440 15481 D eglCodecCommon: allocate: ioctl allocate returned offset 0x3ffff6000 size 0x2000
07-27 19:18:08.558  1788  1830 D gralloc_ranchu: gralloc_alloc: Creating ashmem region of size 9334784
07-27 19:18:08.558  1788  1830 D gralloc_ranchu: gralloc_alloc: Creating ashmem region of size 9334784
07-27 19:18:08.559 15440 15481 D EGL_emulation: eglMakeCurrent: 0xe9a4b340: ver 2 0 (tinfo 0xde3ab130)
07-27 19:18:08.560 15440 15481 D eglCodecCommon: setVertexArrayObject: set vao to 0 (0) 1 0
07-27 19:18:08.574 10713 10713 I GoogleInputMethodService: GoogleInputMethodService.onFinishInput():3182
07-27 19:18:08.574  2025  2051 I ActivityTaskManager: Displayed com.example.help_m5/androidx.fragment.app.testing.FragmentScenario$EmptyFragmentActivity: +263ms
07-27 19:18:08.575 10713 10713 I GoogleInputMethodService: GoogleInputMethodService.updateDeviceLockedStatus():2077 checkRepeatedly = false, unlocked = true
07-27 19:18:08.575 10713 10713 I GoogleInputMethodService: GoogleInputMethodService.onStartInput():1885 onStartInput(EditorInfo{inputType=0x0(NULL) imeOptions=0x0 privateImeOptions=null actionName=UNSPECIFIED actionLabel=null actionId=0 initialSelStart=-1 initialSelEnd=-1 initialCapsMode=0x0 hintText=null label=null packageName=com.example.help_m5 fieldId=-1 fieldName=null extras=null}, false)
07-27 19:18:08.575 10713 10713 I GoogleInputMethodService: GoogleInputMethodService.updateDeviceLockedStatus():2077 checkRepeatedly = true, unlocked = true
07-27 19:18:08.713 15440 15440 D databaseConnection: delete filename is: entertainmentsSearch.json
07-27 19:18:08.713 15440 15440 D databaseConnection: delete filename is: entertainments.json
07-27 19:18:08.725 15440 15478 D TESTING : Here: /data/data/com.example.help_m5/files/entertainmentsSearch.json
07-27 19:18:08.727 15440 15478 D TESTING : [[11,0,"title entertainments search 11","content entertainments search 11","date entertainments search 11"],[10,0,"title entertainments search 10","content entertainments search 10","date entertainments search 10"],[9,0,"title entertainments search 9","content entertainments search 9","date entertainments search 9"],[8,0,"title entertainments search 8","content entertainments search 8","date entertainments search 8"],[7,0,"title entertainments search 7","content entertainments search 7","date entertainments search 7"],[6,0,"title entertainments search 6","content entertainments search 6","date entertainments search 6"],[5,0,"title entertainments search 5","content entertainments search 5","date entertainments search 5"],[4,0,"title entertainments search 4","content entertainments search 4","date entertainments search 4"],[3,0,"title entertainments search 3","content entertainments search 3","date entertainments search 3"],[2,0,"title entertainments search 2","content entertainments search 2","date entertainments search 2"],[1,0,"title entertainments search 1","content entertainments search 1","date entertainments search 1"]]
07-27 19:18:08.748 15440 15478 D EventInjectionStrategy: Creating injection strategy with input manager.
07-27 19:18:08.748 15440 15478 W example.help_m: Accessing hidden method Landroid/hardware/input/InputManager;->getInstance()Landroid/hardware/input/InputManager; (greylist, reflection, allowed)
07-27 19:18:08.749 15440 15478 W example.help_m: Accessing hidden method Landroid/hardware/input/InputManager;->injectInputEvent(Landroid/view/InputEvent;I)Z (greylist, reflection, allowed)
07-27 19:18:08.749 15440 15478 W example.help_m: Accessing hidden field Landroid/hardware/input/InputManager;->INJECT_INPUT_EVENT_MODE_WAIT_FOR_FINISH:I (greylist, reflection, allowed)
07-27 19:18:08.802 15440 15440 D EntertainmentsFragment: facility_type in onItemSelected 0
07-27 19:18:08.802 15440 15440 D TESTING : Not here
07-27 19:18:08.813 15440 15440 D databaseConnection: url in searchFacilities is :http://20.213.243.141:8080/facility/newest
07-27 19:18:08.813 15440 15440 D databaseConnection: {type=0}
07-27 19:18:08.816 15440 15440 D LifecycleMonitor: Lifecycle status change: androidx.test.core.app.InstrumentationActivityInvoker$BootstrapActivity@419907 in: STOPPED
07-27 19:18:08.816 15440 15440 V ActivityScenario: Activity lifecycle changed event received but ignored because the intent does not match. startActivityIntent=Intent { act=android.intent.action.MAIN cat=[android.intent.category.LAUNCHER] cmp=com.example.help_m5/androidx.fragment.app.testing.FragmentScenario$EmptyFragmentActivity (has extras) }, activity.getIntent()=Intent { act=android.intent.action.MAIN cat=[android.intent.category.LAUNCHER] flg=0x10008000 cmp=com.example.help_m5/androidx.test.core.app.InstrumentationActivityInvoker$BootstrapActivity (has extras) }, activity=androidx.test.core.app.InstrumentationActivityInvoker$BootstrapActivity@419907
07-27 19:18:08.819 15440 15493 D NetworkSecurityConfig: No Network Security Config specified, using platform default
07-27 19:18:08.824 15440 15478 W example.help_m: Accessing hidden method Landroid/view/ViewConfiguration;->getDoubleTapMinTime()I (greylist, reflection, allowed)
07-27 19:18:08.830 15440 15478 W example.help_m: Accessing hidden method Lsun/misc/Unsafe;->getUnsafe()Lsun/misc/Unsafe; (greylist,core-platform-api, linking, allowed)
07-27 19:18:08.830 15440 15478 W example.help_m: Accessing hidden method Lsun/misc/Unsafe;->objectFieldOffset(Ljava/lang/reflect/Field;)J (greylist,core-platform-api, linking, allowed)
07-27 19:18:08.830 15440 15478 W example.help_m: Accessing hidden method Lsun/misc/Unsafe;->putObject(Ljava/lang/Object;JLjava/lang/Object;)V (greylist, linking, allowed)
07-27 19:18:08.830 15440 15440 W example.help_m: Accessing hidden method Landroid/os/MessageQueue;->next()Landroid/os/Message; (greylist, reflection, allowed)
07-27 19:18:08.830 15440 15440 W example.help_m: Accessing hidden field Landroid/os/MessageQueue;->mMessages:Landroid/os/Message; (greylist, reflection, allowed)
07-27 19:18:08.830 15440 15440 W example.help_m: Accessing hidden method Landroid/os/Message;->recycleUnchecked()V (greylist, reflection, allowed)
07-27 19:18:08.832 15440 15478 W example.help_m: Accessing hidden method Lsun/misc/Unsafe;->compareAndSwapObject(Ljava/lang/Object;JLjava/lang/Object;Ljava/lang/Object;)Z (greylist, linking, allowed)
07-27 19:18:08.832 15440 15478 W example.help_m: Accessing hidden method Lsun/misc/Unsafe;->getObject(Ljava/lang/Object;J)Ljava/lang/Object; (greylist, linking, allowed)
07-27 19:18:08.833 15440 15440 W example.help_m: Accessing hidden method Landroid/view/WindowManagerGlobal;->getInstance()Landroid/view/WindowManagerGlobal; (greylist, reflection, allowed)
07-27 19:18:08.833 15440 15440 W example.help_m: Accessing hidden field Landroid/view/WindowManagerGlobal;->mViews:Ljava/util/ArrayList; (greylist, reflection, allowed)
07-27 19:18:08.833 15440 15440 W example.help_m: Accessing hidden field Landroid/view/WindowManagerGlobal;->mParams:Ljava/util/ArrayList; (greylist, reflection, allowed)
07-27 19:18:08.837 15440 15440 I ViewInteraction: Performing 'single click' action on view view.getId() is <2131296838/com.example.help_m5:id/spinnerFacility>
07-27 19:18:08.911 11416 12719 I FontLog : Received query Noto Color Emoji Compat, URI content://com.google.android.gms.fonts [CONTEXT service_id=132 ]
07-27 19:18:08.911 11416 12719 I FontLog : Query [emojicompat-emoji-font] resolved to {Noto Color Emoji Compat, wdth 100.0, wght 400, ital 0.0, bestEffort false} [CONTEXT service_id=132 ]
07-27 19:18:08.912 11416 12719 I FontLog : Fetch {Noto Color Emoji Compat, wdth 100.0, wght 400, ital 0.0, bestEffort false} end status Status{statusCode=SUCCESS, resolution=null} [CONTEXT service_id=132 ]
07-27 19:18:08.924 11416 12719 I FontLog : Pulling font file for id = 14, cache size = 6 [CONTEXT service_id=132 ]
07-27 19:18:08.926 11416 12719 I FontLog : Pulling font file for id = 14, cache size = 6 [CONTEXT service_id=132 ]
07-27 19:18:08.928  1788  1830 D gralloc_ranchu: gralloc_alloc: Creating ashmem region of size 1732608
07-27 19:18:08.930  1788  1830 I chatty  : uid=1000(system) HwBinder:1788_1 identical 1 line
07-27 19:18:08.931  1788  1830 D gralloc_ranchu: gralloc_alloc: Creating ashmem region of size 1732608
07-27 19:18:08.937 15440 15481 D EGL_emulation: eglMakeCurrent: 0xe9a4b340: ver 2 0 (tinfo 0xde3ab130)
07-27 19:18:09.125 15440 15481 I chatty  : uid=10149(com.example.help_m5) RenderThread identical 12 lines
07-27 19:18:09.127 15440 15481 D EGL_emulation: eglMakeCurrent: 0xe9a4b340: ver 2 0 (tinfo 0xde3ab130)
07-27 19:18:09.132  1787  2249 E GnssHAL_GnssInterface: gnssSvStatusCb: a: input svInfo.flags is 8
07-27 19:18:09.132  1787  2249 E GnssHAL_GnssInterface: gnssSvStatusCb: b: input svInfo.flags is 8
07-27 19:18:09.145 15440 15481 D EGL_emulation: eglMakeCurrent: 0xe9a4b340: ver 2 0 (tinfo 0xde3ab130)
07-27 19:18:09.189 15440 15481 I chatty  : uid=10149(com.example.help_m5) RenderThread identical 5 lines
07-27 19:18:09.207 15440 15481 D EGL_emulation: eglMakeCurrent: 0xe9a4b340: ver 2 0 (tinfo 0xde3ab130)
07-27 19:18:09.207 15440 15493 E Volley  : [863] NetworkUtility.shouldRetryException: Unexpected response code 415 for http://20.213.243.141:8080/facility/newest
07-27 19:18:09.208 15440 15481 D EGL_emulation: eglMakeCurrent: 0xe9a4b340: ver 2 0 (tinfo 0xde3ab130)
07-27 19:18:09.209 15440 15440 D databaseConnection: onErrorResponse searchFacilities Error: null
07-27 19:18:09.231  1788  1830 D gralloc_ranchu: gralloc_alloc: Creating ashmem region of size 638976
07-27 19:18:09.232  1788  1830 D gralloc_ranchu: gralloc_alloc: Creating ashmem region of size 638976
07-27 19:18:09.233 15440 15481 D EGL_emulation: eglMakeCurrent: 0xe9a4b340: ver 2 0 (tinfo 0xde3ab130)
07-27 19:18:09.237  1788  1830 D gralloc_ranchu: gralloc_alloc: Creating ashmem region of size 638976
07-27 19:18:09.240 15440 15478 W example.help_m: Accessing hidden method Lsun/misc/Unsafe;->compareAndSwapObject(Ljava/lang/Object;JLjava/lang/Object;Ljava/lang/Object;)Z (greylist, linking, allowed)
07-27 19:18:09.240 15440 15440 I ViewInteraction: Performing 'load adapter data' action on view is assignable from class <class android.widget.AdapterView>
07-27 19:18:09.266 15440 15481 D EGL_emulation: eglMakeCurrent: 0xe9a4b340: ver 2 0 (tinfo 0xde3ab130)
07-27 19:18:09.268 15440 15440 I ViewInteraction: Performing 'single click' action on view  displaying data matching: ANYTHING within adapter view matching: is assignable from class <class android.widget.AdapterView>
07-27 19:18:09.403  1776  6045 W audio_hw_generic: Not supplying enough data to HAL, expected position 5448198 , only wrote 5447962
07-27 19:18:09.424 15440 15481 D EGL_emulation: eglMakeCurrent: 0xe9a4b340: ver 2 0 (tinfo 0xde3ab130)
07-27 19:18:09.431 15440 15481 I chatty  : uid=10149(com.example.help_m5) RenderThread identical 1 line
07-27 19:18:09.433 15440 15481 D EGL_emulation: eglMakeCurrent: 0xe9a4b340: ver 2 0 (tinfo 0xde3ab130)
07-27 19:18:09.433 15440 15440 D EntertainmentsFragment: facility_type in onItemSelected 2
07-27 19:18:09.433 15440 15440 D TESTING : Not here
07-27 19:18:09.437 15440 15440 D databaseConnection: url in searchFacilities is :http://20.213.243.141:8080/facility/newest
07-27 19:18:09.437 15440 15440 D databaseConnection: {type=2}
07-27 19:18:09.451 15440 15481 D EGL_emulation: eglMakeCurrent: 0xe9a4b340: ver 2 0 (tinfo 0xde3ab130)
07-27 19:18:09.468 15440 15481 I chatty  : uid=10149(com.example.help_m5) RenderThread identical 1 line
07-27 19:18:09.487 15440 15481 D EGL_emulation: eglMakeCurrent: 0xe9a4b340: ver 2 0 (tinfo 0xde3ab130)
07-27 19:18:09.575 15440 15440 I ViewInteraction: Performing 'single click' action on view view.getId() is <2131296800/com.example.help_m5:id/searchFacility>
07-27 19:18:09.620 10713 10713 I GoogleInputMethodService: GoogleInputMethodService.onFinishInput():3182
07-27 19:18:09.621 10713 10713 I GoogleInputMethodService: GoogleInputMethodService.updateDeviceLockedStatus():2077 checkRepeatedly = false, unlocked = true
07-27 19:18:09.621 10713 10713 I GoogleInputMethodService: GoogleInputMethodService.onStartInput():1885 onStartInput(EditorInfo{inputType=0x90001(Normal) imeOptions=0x3 privateImeOptions=null actionName=SEARCH actionLabel=null actionId=0 initialSelStart=0 initialSelEnd=0 initialCapsMode=0x0 hintText=    label=null packageName=com.example.help_m5 fieldId=16909323 fieldName=null extras=null}, false)
07-27 19:18:09.621 10713 10713 I GoogleInputMethodService: GoogleInputMethodService.updateDeviceLockedStatus():2077 checkRepeatedly = true, unlocked = true
07-27 19:18:09.623 10713 10713 I DeviceModeUtil: DeviceModeUtil.getDeviceMode():126 Get device mode phone by ui mode:1 and smallestScreenWidthDp:392
07-27 19:18:09.624 10713 10713 I GoogleInputMethodService: GoogleInputMethodService.onStartInputView():1993 onStartInputView(EditorInfo{inputType=0x90001(Normal) imeOptions=0x3 privateImeOptions=null actionName=SEARCH actionLabel=null actionId=0 initialSelStart=0 initialSelEnd=0 initialCapsMode=0x0 hintText=    label=null packageName=com.example.help_m5 fieldId=16909323 fieldName=null extras=null}, false)
07-27 19:18:09.624 10713 10713 I GoogleInputMethodService: GoogleInputMethodService.updateDeviceLockedStatus():2077 checkRepeatedly = true, unlocked = true
07-27 19:18:09.624 10713 10774 I DeviceModeUtil: DeviceModeUtil.getDeviceMode():126 Get device mode phone by ui mode:1 and smallestScreenWidthDp:392
07-27 19:18:09.648 15440 15509 E Volley  : [879] NetworkUtility.shouldRetryException: Unexpected response code 415 for http://20.213.243.141:8080/facility/newest
07-27 19:18:09.669 15440 15481 D EGL_emulation: eglMakeCurrent: 0xe9a4b340: ver 2 0 (tinfo 0xde3ab130)
07-27 19:18:09.674 15440 15481 D EGL_emulation: eglMakeCurrent: 0xe9a4b340: ver 2 0 (tinfo 0xde3ab130)
07-27 19:18:09.675 15440 15440 D databaseConnection: onErrorResponse searchFacilities Error: null
07-27 19:18:09.680 15440 15440 I AssistStructure: Flattened final assist data: 6528 bytes, containing 2 windows, 42 views
07-27 19:18:09.688 15440 15481 D EGL_emulation: eglMakeCurrent: 0xe9a4b340: ver 2 0 (tinfo 0xde3ab130)
07-27 19:18:09.691 15440 15481 D EGL_emulation: eglMakeCurrent: 0xe9a4b340: ver 2 0 (tinfo 0xde3ab130)
07-27 19:18:09.693 10713 10713 I KeyboardViewUtil: KeyboardViewUtil.getKeyboardHeightRatio():168 systemKeyboardHeightRatio:1.000000; userKeyboardHeightRatio:1.000000.
07-27 19:18:09.693 10713 10713 I AndroidIME: AbstractIme.onActivate():86 LatinIme.onActivate() : EditorInfo = inputType=Text imeActionName=SEARCH dump=[inputType=0x90001 imeOptions=0x3 privateImeOptions=null actionLabel=null actionId=0 initialSelStart=0 initialSelEnd=0 initialCapsMode=0x0 hintText=    label=null packageName=com.example.help_m5 fieldId=16909323 fieldName=null extras=null hintLocales=null contentMimeTypes=null ], IncognitoMode = false, DeviceLocked = false
07-27 19:18:09.694 10713 10713 I Delight5Facilitator: Delight5Facilitator.initializeForIme():779 initializeForIme() : Locale = [en_US], layout = qwerty
07-27 19:18:09.694 10713 10713 I VoiceInputManagerWrapper: VoiceInputManagerWrapper.cancelShutdown():55 cancelShutdown()
07-27 19:18:09.694 10713 10713 I VoiceInputManagerWrapper: VoiceInputManagerWrapper.syncLanguagePacks():67 syncLanguagePacks()
07-27 19:18:09.695 10713 10713 I LatinIme: LatinIme.updateEnableInlineSuggestionsOnDecoderSideFlags():1276 inline flag updated to:false
07-27 19:18:09.695 10713 12895 I SpeechFactory: SpeechRecognitionFactory.maybeScheduleAutoPackDownloadForFallback():202 maybeScheduleAutoPackDownloadForFallback()
07-27 19:18:09.695 10713 12895 I FallbackOnDeviceRecognitionProvider: FallbackOnDeviceRecognitionProvider.maybeScheduleAutoPackDownload():196 maybeScheduleAutoPackDownload() for language tag en-US
07-27 19:18:09.697 10713 10713 I KeyboardWrapper: KeyboardWrapper.consumeEvent():273 Skip consuming an event as current keyboard is deactivated (state=0, keyboard existence=true)
07-27 19:18:09.699 11416 11416 W qja     : Pending fill request while another request in the same session was triggered. [CONTEXT service_id=177 ]
07-27 19:18:09.700 10713 10713 I KeyboardViewUtil: KeyboardViewUtil.calculateMaxKeyboardBodyHeight():44 leave 344 height for app when screen height:2028, header height:121 and isFullscreenMode:false, so the max keyboard body height is:1563
07-27 19:18:09.701 10713 10713 I DeviceModeUtil: DeviceModeUtil.getDeviceMode():126 Get device mode phone by ui mode:1 and smallestScreenWidthDp:392
07-27 19:18:09.702 10713 10713 I KeyboardViewUtil: KeyboardViewUtil.calculateMaxKeyboardBodyHeight():44 leave 344 height for app when screen height:2028, header height:121 and isFullscreenMode:false, so the max keyboard body height is:1563
07-27 19:18:09.705 11434 11434 D BoundBrokerSvc: onBind: Intent { act=com.google.android.mdd.service.START dat=chimera-action:com.google.android.mdd.service.START cmp=com.google.android.gms/.chimera.GmsBoundBrokerService }
07-27 19:18:09.705 11434 11434 D BoundBrokerSvc: Loading bound service for intent: Intent { act=com.google.android.mdd.service.START dat=chimera-action:com.google.android.mdd.service.START cmp=com.google.android.gms/.chimera.GmsBoundBrokerService }
07-27 19:18:09.707 10713 10713 I DeviceModeUtil: DeviceModeUtil.getDeviceMode():126 Get device mode phone by ui mode:1 and smallestScreenWidthDp:392
07-27 19:18:09.707 10713 10713 I NormalModeController: NormalModeController.getKeyboardBodyViewHolderPaddingBottom():111 currentPrimeKeyboardType:SOFT systemPaddingBottom:-1
07-27 19:18:09.708 10713 10713 I NormalModeController: NormalModeController.getKeyboardBodyViewHolderPaddingBottom():111 currentPrimeKeyboardType:SOFT systemPaddingBottom:-1
07-27 19:18:09.714 10713 10713 I ProactiveSuggestionsHolderManager: ProactiveSuggestionsHolderManager$3.display():213 Requesting to show proactive suggestions: CLIPBOARD PREEMPTIVE_WITH_SUPPRESSION
07-27 19:18:09.715 10713 10713 I VoiceImeExtension: VoiceImeExtension.shouldStartVoiceInputAutomatically():372 No private IME option set to start voice input.
07-27 19:18:09.717 10713 14474 I FederatedC2QExtension: FederatedC2QExtension.setupInferencing():555 Federated Conv2Query inferencing disabled, switching to baseline
07-27 19:18:09.722 11434 11434 D BoundBrokerSvc: onBind: Intent { act=com.google.firebase.dynamiclinks.service.START pkg=com.google.android.gms }
07-27 19:18:09.722 11434 11434 D BoundBrokerSvc: Loading bound service for intent: Intent { act=com.google.firebase.dynamiclinks.service.START pkg=com.google.android.gms }
07-27 19:18:09.723  1788  1830 D gralloc_ranchu: gralloc_alloc: Creating ashmem region of size 9048064
07-27 19:18:09.730 15440 15481 D EGL_emulation: eglMakeCurrent: 0xe9a4b340: ver 2 0 (tinfo 0xde3ab130)
07-27 19:18:09.731 15440 15481 D OpenGLRenderer: endAllActiveAnimators on 0xca890e00 (DropDownListView) with handle 0xde3b2e80
07-27 19:18:09.732 10713 12898 D EGL_emulation: eglMakeCurrent: 0xf4b7f2e0: ver 2 0 (tinfo 0xc8f6eaf0)
07-27 19:18:09.736  2025  3396 I AssistStructure: Flattened final assist data: 6484 bytes, containing 2 windows, 42 views
07-27 19:18:09.738 11416 14677 W qbj     : Infinite Data has no result for com.example.help_m5 [CONTEXT service_id=177 ]
07-27 19:18:09.738 11434 11434 D BoundBrokerSvc: onBind: Intent { act=com.google.android.gms.wallet.service.BIND pkg=com.google.android.gms }
07-27 19:18:09.738 11434 11434 D BoundBrokerSvc: Loading bound service for intent: Intent { act=com.google.android.gms.wallet.service.BIND pkg=com.google.android.gms }
07-27 19:18:09.739 11416 14932 W qbj     : Infinite Data has no result for com.example.help_m5 [CONTEXT service_id=177 ]
07-27 19:18:09.739  1788  1830 D gralloc_ranchu: gralloc_alloc: Creating ashmem region of size 9048064
07-27 19:18:09.739 11416 11416 D BoundBrokerSvc: onBind: Intent { act=com.google.android.gms.tapandpay.service.BIND dat=chimera-action:com.google.android.gms.tapandpay.service.BIND cmp=com.google.android.gms/.chimera.PersistentApiService }
07-27 19:18:09.739 11416 11416 D BoundBrokerSvc: Loading bound service for intent: Intent { act=com.google.android.gms.tapandpay.service.BIND dat=chimera-action:com.google.android.gms.tapandpay.service.BIND cmp=com.google.android.gms/.chimera.PersistentApiService }
07-27 19:18:09.743 10713 10713 I DeviceModeUtil: DeviceModeUtil.getDeviceMode():126 Get device mode phone by ui mode:1 and smallestScreenWidthDp:392
07-27 19:18:09.743 11416 14933 W qbj     : Infinite Data has no result for com.example.help_m5 [CONTEXT service_id=177 ]
07-27 19:18:09.744 10713 10713 I DeviceModeUtil: DeviceModeUtil.getDeviceMode():126 Get device mode phone by ui mode:1 and smallestScreenWidthDp:392
07-27 19:18:09.744 10713 10713 I NormalModeController: NormalModeController.getKeyboardBodyViewHolderPaddingBottom():111 currentPrimeKeyboardType:SOFT systemPaddingBottom:-1
07-27 19:18:09.745 11416 14933 W qbj     : Infinite Data has no result for com.example.help_m5 [CONTEXT service_id=177 ]
07-27 19:18:09.745 10713 10828 I Delight5Decoder: Delight5DecoderWrapper.setKeyboardLayout():433 setKeyboardLayout()
07-27 19:18:09.763 11434 11434 D BoundBrokerSvc: onBind: Intent { act=com.google.android.gms.common.BIND_SHARED_PREFS pkg=com.google.android.gms }
07-27 19:18:09.763 11434 11434 D BoundBrokerSvc: Loading bound service for intent: Intent { act=com.google.android.gms.common.BIND_SHARED_PREFS pkg=com.google.android.gms }
07-27 19:18:09.767  1788  1830 D gralloc_ranchu: gralloc_alloc: Creating ashmem region of size 9048064
07-27 19:18:09.778 11434 11434 D BoundBrokerSvc: onUnbind: Intent { act=com.google.android.gms.common.BIND_SHARED_PREFS pkg=com.google.android.gms }
07-27 19:18:09.778 11416 15197 I pcc     : Detector ignoring field with types: [201] [CONTEXT service_id=177 ]
07-27 19:18:09.778 11434 11434 D BoundBrokerSvc: onBind: Intent { act=com.google.android.gms.common.BIND_SHARED_PREFS pkg=com.google.android.gms }
07-27 19:18:09.778 11434 11434 D BoundBrokerSvc: Loading bound service for intent: Intent { act=com.google.android.gms.common.BIND_SHARED_PREFS pkg=com.google.android.gms }
07-27 19:18:09.780 11434 11434 D BoundBrokerSvc: onUnbind: Intent { act=com.google.android.gms.common.BIND_SHARED_PREFS pkg=com.google.android.gms }
07-27 19:18:09.785 15440 15481 D EGL_emulation: eglMakeCurrent: 0xe9a4b340: ver 2 0 (tinfo 0xde3ab130)
07-27 19:18:09.935 15440 15440 I ViewInteraction: Performing 'type text(a)' action on view view.getId() is <2131296800/com.example.help_m5:id/searchFacility>
07-27 19:18:09.987 10713 10713 I DeviceModeUtil: DeviceModeUtil.getDeviceMode():126 Get device mode phone by ui mode:1 and smallestScreenWidthDp:392
07-27 19:18:10.132  1787  2249 E GnssHAL_GnssInterface: gnssSvStatusCb: a: input svInfo.flags is 8
07-27 19:18:10.132  1787  2249 E GnssHAL_GnssInterface: gnssSvStatusCb: b: input svInfo.flags is 8
07-27 19:18:10.235 15440 15440 D UiControllerImpl: Injecting string: "a"
07-27 19:18:10.239 15440 15440 D EntertainmentsFragment: onQueryTextChange in onResume: false
07-27 19:18:10.241 15440 15440 D EntertainmentsFragment: searching: a
07-27 19:18:10.241 15440 15440 D TESTING : Goes here
07-27 19:18:10.285 10713 10713 I KeyboardViewController: KeyboardViewController.lambda$showSelfAndAncestors$6():610 current view doesn't has the priority com.google.android.apps.inputmethod.latin.keyboard.widget.LatinFixedCountCandidatesHolderView{45fe9f6 I.E...... ......ID 99,0-969,121 #7f0b13a5 app:id/softkey_holder_fixed_candidates} to show itself, PREEMPTIVE
07-27 19:18:10.293 15440 15440 I ViewInteraction: Performing 'close keyboard' action on view view.getId() is <2131296800/com.example.help_m5:id/searchFacility>
07-27 19:18:10.295 10713 10713 I GoogleInputMethodService: GoogleInputMethodService.onFinishInputView():2229
07-27 19:18:10.298 10713 10713 I KeyboardWrapper: KeyboardWrapper.consumeEvent():273 Skip consuming an event as current keyboard is deactivated (state=0, keyboard existence=true)
07-27 19:18:10.298 10713 10713 I VoiceInputManagerWrapper: VoiceInputManagerWrapper.shutdown():77 shutdown()
07-27 19:18:10.298 10713 10713 I AndroidIME: AbstractIme.onDeactivate():207 LatinIme.onDeactivate()
07-27 19:18:10.308 10713 12898 D EGL_emulation: eglMakeCurrent: 0xf4b7f2e0: ver 2 0 (tinfo 0xc8f6eaf0)
07-27 19:18:10.312 10713 13431 E LstmTrainingCache: TrainingInputEventProcessor$1.onSuccess():439 onSuccess()
07-27 19:18:11.132  1787  2249 E GnssHAL_GnssInterface: gnssSvStatusCb: a: input svInfo.flags is 8
07-27 19:18:11.132  1787  2249 E GnssHAL_GnssInterface: gnssSvStatusCb: b: input svInfo.flags is 8
07-27 19:18:11.238  1788  1830 D gralloc_ranchu: gralloc_alloc: Creating ashmem region of size 638976
07-27 19:18:11.241  1788  1830 I chatty  : uid=1000(system) HwBinder:1788_1 identical 1 line
07-27 19:18:11.242  1788  1830 D gralloc_ranchu: gralloc_alloc: Creating ashmem region of size 638976
07-27 19:18:11.242 15440 15481 D EGL_emulation: eglMakeCurrent: 0xe9a4b340: ver 2 0 (tinfo 0xde3ab130)
07-27 19:18:11.327 15440 15481 D EGL_emulation: eglMakeCurrent: 0xe9a4b340: ver 2 0 (tinfo 0xde3ab130)
07-27 19:18:11.615 15440 15440 I ViewInteraction: Performing 'single click' action on view view.getId() is <2131296488/com.example.help_m5:id/fab_main>
07-27 19:18:11.671 15440 15440 D EntertainmentsFragment: main in onResume: true
07-27 19:18:11.915 15440 15440 I ViewInteraction: Performing 'single click' action on view view.getId() is <2131296490/com.example.help_m5:id/fab_previous>
07-27 19:18:11.958 15440 15440 D EntertainmentsFragment: page_up in onResume: true
07-27 19:18:11.958 15440 15440 D TESTING : Goes here
07-27 19:18:11.962 15440 15440 D EntertainmentsFragment: current page: 1
07-27 19:18:12.132  1787  2249 E GnssHAL_GnssInterface: gnssSvStatusCb: a: input svInfo.flags is 8
07-27 19:18:12.132  1787  2249 E GnssHAL_GnssInterface: gnssSvStatusCb: b: input svInfo.flags is 8
07-27 19:18:12.215 15440 15440 I ViewInteraction: Performing 'single click' action on view view.getId() is <2131296490/com.example.help_m5:id/fab_previous>
07-27 19:18:12.268 15440 15440 D EntertainmentsFragment: page_up in onResume: true
07-27 19:18:12.268 15440 15440 D TESTING : Goes here
07-27 19:18:12.271 15440 15440 D EntertainmentsFragment: current page: 1
07-27 19:18:12.536 15440 15440 I ViewInteraction: Checking 'MatchesViewAssertion{viewMatcher=an instance of android.widget.TextView and view.getText() with or without transformation to match: is "title entertainments search 11"}' assertion on view view.getId() is <2131296904/com.example.help_m5:id/titleTextView_facility1>
07-27 19:18:12.537 15440 15440 I ViewInteraction: Checking 'MatchesViewAssertion{viewMatcher=an instance of android.widget.TextView and view.getText() with or without transformation to match: is "date entertainments search 11"}' assertion on view view.getId() is <2131296428/com.example.help_m5:id/dateTextView_facility1>
07-27 19:18:12.538 15440 15440 I ViewInteraction: Checking 'MatchesViewAssertion{viewMatcher=an instance of android.widget.TextView and view.getText() with or without transformation to match: is "content entertainments search 11"}' assertion on view view.getId() is <2131296413/com.example.help_m5:id/contentTextView_facility1>
07-27 19:18:12.539 15440 15440 I ViewInteraction: Checking 'MatchesViewAssertion{viewMatcher=an instance of android.widget.TextView and view.getText() with or without transformation to match: is "title entertainments search 7"}' assertion on view view.getId() is <2131296908/com.example.help_m5:id/titleTextView_facility5>
07-27 19:18:12.540 15440 15440 I ViewInteraction: Checking 'MatchesViewAssertion{viewMatcher=an instance of android.widget.TextView and view.getText() with or without transformation to match: is "date entertainments search 7"}' assertion on view view.getId() is <2131296432/com.example.help_m5:id/dateTextView_facility5>
07-27 19:18:12.541 15440 15440 I ViewInteraction: Checking 'MatchesViewAssertion{viewMatcher=an instance of android.widget.TextView and view.getText() with or without transformation to match: is "content entertainments search 7"}' assertion on view view.getId() is <2131296417/com.example.help_m5:id/contentTextView_facility5>
07-27 19:18:12.542 15440 15440 I ViewInteraction: Performing 'single click' action on view view.getId() is <2131296489/com.example.help_m5:id/fab_next>
07-27 19:18:12.590 15440 15440 D EntertainmentsFragment: page_down in onResume: true
07-27 19:18:12.590 15440 15440 D TESTING : Goes here
07-27 19:18:12.594 15440 15440 D EntertainmentsFragment: current page: 1
07-27 19:18:12.846 15440 15440 I ViewInteraction: Checking 'MatchesViewAssertion{viewMatcher=an instance of android.widget.TextView and view.getText() with or without transformation to match: is "title entertainments search 6"}' assertion on view view.getId() is <2131296904/com.example.help_m5:id/titleTextView_facility1>
07-27 19:18:12.847 15440 15440 I ViewInteraction: Checking 'MatchesViewAssertion{viewMatcher=an instance of android.widget.TextView and view.getText() with or without transformation to match: is "date entertainments search 6"}' assertion on view view.getId() is <2131296428/com.example.help_m5:id/dateTextView_facility1>
07-27 19:18:12.848 15440 15440 I ViewInteraction: Checking 'MatchesViewAssertion{viewMatcher=an instance of android.widget.TextView and view.getText() with or without transformation to match: is "content entertainments search 6"}' assertion on view view.getId() is <2131296413/com.example.help_m5:id/contentTextView_facility1>
07-27 19:18:12.849 15440 15440 I ViewInteraction: Checking 'MatchesViewAssertion{viewMatcher=an instance of android.widget.TextView and view.getText() with or without transformation to match: is "title entertainments search 2"}' assertion on view view.getId() is <2131296908/com.example.help_m5:id/titleTextView_facility5>
07-27 19:18:12.850 15440 15440 I ViewInteraction: Checking 'MatchesViewAssertion{viewMatcher=an instance of android.widget.TextView and view.getText() with or without transformation to match: is "date entertainments search 2"}' assertion on view view.getId() is <2131296432/com.example.help_m5:id/dateTextView_facility5>
07-27 19:18:12.851 15440 15440 I ViewInteraction: Checking 'MatchesViewAssertion{viewMatcher=an instance of android.widget.TextView and view.getText() with or without transformation to match: is "content entertainments search 2"}' assertion on view view.getId() is <2131296417/com.example.help_m5:id/contentTextView_facility5>
07-27 19:18:12.851 15440 15478 D TESTING : Here: /data/data/com.example.help_m5/files/entertainments.json
07-27 19:18:12.852 15440 15478 D TESTING : [[11,0,"title entertainments 11","content entertainments 11","date entertainments 11"],[10,0,"title entertainments 10","content entertainments 10","date entertainments 10"],[9,0,"title entertainments 9","content entertainments 9","date entertainments 9"],[8,0,"title entertainments 8","content entertainments 8","date entertainments 8"],[7,0,"title entertainments 7","content entertainments 7","date entertainments 7"],[6,0,"title entertainments 6","content entertainments 6","date entertainments 6"],[5,0,"title entertainments 5","content entertainments 5","date entertainments 5"],[4,0,"title entertainments 4","content entertainments 4","date entertainments 4"],[3,0,"title entertainments 3","content entertainments 3","date entertainments 3"],[2,0,"title entertainments 2","content entertainments 2","date entertainments 2"],[1,0,"title entertainments 1","content entertainments 1","date entertainments 1"]]
07-27 19:18:12.853 15440 15440 I ViewInteraction: Performing 'single click' action on view view.getId() is <2131296487/com.example.help_m5:id/fab_close_or_refresh>
07-27 19:18:12.908 15440 15440 D EntertainmentsFragment: close_or_refresh in onResume: true
07-27 19:18:12.911 10713 10713 I GoogleInputMethodService: GoogleInputMethodService.onStartInput():1885 onStartInput(EditorInfo{inputType=0x90001(Normal) imeOptions=0x3 privateImeOptions=null actionName=SEARCH actionLabel=null actionId=0 initialSelStart=1 initialSelEnd=1 initialCapsMode=0x0 hintText=    label=null packageName=com.example.help_m5 fieldId=16909323 fieldName=null extras=null}, true)
07-27 19:18:12.911 10713 10713 I GoogleInputMethodService: GoogleInputMethodService.updateDeviceLockedStatus():2077 checkRepeatedly = true, unlocked = true
07-27 19:18:12.911 10713 10713 W SessionManager: SessionManager.beginSession():53 Try to begin an already begun session [INPUT_SESSION], end it first
07-27 19:18:12.913 15440 15440 D TESTING : Goes here
07-27 19:18:12.916 15440 15440 D TESTING : Goes here
07-27 19:18:13.133  1787  2249 E GnssHAL_GnssInterface: gnssSvStatusCb: a: input svInfo.flags is 8
07-27 19:18:13.133  1787  2249 E GnssHAL_GnssInterface: gnssSvStatusCb: b: input svInfo.flags is 8
07-27 19:18:13.187 15440 15440 I ViewInteraction: Checking 'MatchesViewAssertion{viewMatcher=an instance of android.widget.TextView and view.getText() with or without transformation to match: is "title entertainments 11"}' assertion on view view.getId() is <2131296904/com.example.help_m5:id/titleTextView_facility1>
07-27 19:18:13.188 15440 15440 I ViewInteraction: Checking 'MatchesViewAssertion{viewMatcher=an instance of android.widget.TextView and view.getText() with or without transformation to match: is "date entertainments 11"}' assertion on view view.getId() is <2131296428/com.example.help_m5:id/dateTextView_facility1>
07-27 19:18:13.189 15440 15440 I ViewInteraction: Checking 'MatchesViewAssertion{viewMatcher=an instance of android.widget.TextView and view.getText() with or without transformation to match: is "content entertainments 11"}' assertion on view view.getId() is <2131296413/com.example.help_m5:id/contentTextView_facility1>
07-27 19:18:13.190 15440 15440 I ViewInteraction: Checking 'MatchesViewAssertion{viewMatcher=an instance of android.widget.TextView and view.getText() with or without transformation to match: is "title entertainments 7"}' assertion on view view.getId() is <2131296908/com.example.help_m5:id/titleTextView_facility5>
07-27 19:18:13.191 15440 15440 I ViewInteraction: Checking 'MatchesViewAssertion{viewMatcher=an instance of android.widget.TextView and view.getText() with or without transformation to match: is "date entertainments 7"}' assertion on view view.getId() is <2131296432/com.example.help_m5:id/dateTextView_facility5>
07-27 19:18:13.192 15440 15440 I ViewInteraction: Checking 'MatchesViewAssertion{viewMatcher=an instance of android.widget.TextView and view.getText() with or without transformation to match: is "content entertainments 7"}' assertion on view view.getId() is <2131296417/com.example.help_m5:id/contentTextView_facility5>
07-27 19:18:13.192 15440 15478 D TESTING : Here: /data/data/com.example.help_m5/files/studysSearch.json
07-27 19:18:13.192 15440 15478 D TESTING : [[11,0,"title studys search 11","content studys search 11","date studys search 11"],[10,0,"title studys search 10","content studys search 10","date studys search 10"],[9,0,"title studys search 9","content studys search 9","date studys search 9"],[8,0,"title studys search 8","content studys search 8","date studys search 8"],[7,0,"title studys search 7","content studys search 7","date studys search 7"],[6,0,"title studys search 6","content studys search 6","date studys search 6"],[5,0,"title studys search 5","content studys search 5","date studys search 5"],[4,0,"title studys search 4","content studys search 4","date studys search 4"],[3,0,"title studys search 3","content studys search 3","date studys search 3"],[2,0,"title studys search 2","content studys search 2","date studys search 2"],[1,0,"title studys search 1","content studys search 1","date studys search 1"]]
07-27 19:18:13.193 15440 15440 I ViewInteraction: Performing 'single click' action on view view.getId() is <2131296838/com.example.help_m5:id/spinnerFacility>
07-27 19:18:13.251  1788  1830 D gralloc_ranchu: gralloc_alloc: Creating ashmem region of size 303104
07-27 19:18:13.253  1788  1830 I chatty  : uid=1000(system) HwBinder:1788_1 identical 1 line
07-27 19:18:13.253  1788  1830 D gralloc_ranchu: gralloc_alloc: Creating ashmem region of size 303104
07-27 19:18:13.253 15440 15481 D EGL_emulation: eglMakeCurrent: 0xe9a4b340: ver 2 0 (tinfo 0xde3ab130)
07-27 19:18:13.273 15440 15481 D EGL_emulation: eglMakeCurrent: 0xe9a4b340: ver 2 0 (tinfo 0xde3ab130)
07-27 19:18:13.289  1788  1830 D gralloc_ranchu: gralloc_alloc: Creating ashmem region of size 1732608
07-27 19:18:13.290  1788  1830 I chatty  : uid=1000(system) HwBinder:1788_1 identical 1 line
07-27 19:18:13.291  1788  1830 D gralloc_ranchu: gralloc_alloc: Creating ashmem region of size 1732608
07-27 19:18:13.297 15440 15481 D EGL_emulation: eglMakeCurrent: 0xe9a4b340: ver 2 0 (tinfo 0xde3ab130)
07-27 19:18:13.426 15440 15481 I chatty  : uid=10149(com.example.help_m5) RenderThread identical 8 lines
07-27 19:18:13.428 15440 15481 D EGL_emulation: eglMakeCurrent: 0xe9a4b340: ver 2 0 (tinfo 0xde3ab130)
07-27 19:18:13.433 11416 11416 D BoundBrokerSvc: onBind: Intent { act=com.google.android.contextmanager.service.ContextManagerService.START pkg=com.google.android.gms }
07-27 19:18:13.433 11416 11416 D BoundBrokerSvc: Loading bound service for intent: Intent { act=com.google.android.contextmanager.service.ContextManagerService.START pkg=com.google.android.gms }
07-27 19:18:13.446 15440 15481 D EGL_emulation: eglMakeCurrent: 0xe9a4b340: ver 2 0 (tinfo 0xde3ab130)
07-27 19:18:13.566 15440 15481 I chatty  : uid=10149(com.example.help_m5) RenderThread identical 10 lines
07-27 19:18:13.569 15440 15481 D EGL_emulation: eglMakeCurrent: 0xe9a4b340: ver 2 0 (tinfo 0xde3ab130)
07-27 19:18:13.584 15440 15440 I ViewInteraction: Performing 'load adapter data' action on view is assignable from class <class android.widget.AdapterView>
07-27 19:18:13.610 15440 15481 D EGL_emulation: eglMakeCurrent: 0xe9a4b340: ver 2 0 (tinfo 0xde3ab130)
07-27 19:18:13.612 15440 15440 I ViewInteraction: Performing 'single click' action on view  displaying data matching: ANYTHING within adapter view matching: is assignable from class <class android.widget.AdapterView>
07-27 19:18:13.740 15440 15481 D EGL_emulation: eglMakeCurrent: 0xe9a4b340: ver 2 0 (tinfo 0xde3ab130)
07-27 19:18:13.742 10713 10713 I GoogleInputMethodService: GoogleInputMethodService.onFinishInput():3182
