07-27 19:18:21.615 15440 15481 D EGL_emulation: eglMakeCurrent: 0xe9a4b340: ver 2 0 (tinfo 0xde3ab130)
07-27 19:18:21.618 10713 10713 I GoogleInputMethodService: GoogleInputMethodService.onFinishInput():3182
07-27 19:18:21.618 10713 10713 I GoogleInputMethodService: GoogleInputMethodService.updateDeviceLockedStatus():2077 checkRepeatedly = false, unlocked = true
07-27 19:18:21.618 10713 10713 I GoogleInputMethodService: GoogleInputMethodService.onStartInput():1885 onStartInput(EditorInfo{inputType=0x0(NULL) imeOptions=0x0 privateImeOptions=null actionName=UNSPECIFIED actionLabel=null actionId=0 initialSelStart=-1 initialSelEnd=-1 initialCapsMode=0x0 hintText=null label=null packageName=com.example.help_m5 fieldId=-1 fieldName=null extras=null}, false)
07-27 19:18:21.619 10713 10713 I GoogleInputMethodService: GoogleInputMethodService.updateDeviceLockedStatus():2077 checkRepeatedly = true, unlocked = true
07-27 19:18:21.627 15440 15481 D EGL_emulation: eglMakeCurrent: 0xe9a4b340: ver 2 0 (tinfo 0xde3ab130)
07-27 19:18:21.629 15440 15481 D EGL_emulation: eglMakeCurrent: 0xe9a4b340: ver 2 0 (tinfo 0xde3ab130)
07-27 19:18:21.630 15440 15440 D EntertainmentsFragment: facility_type in onItemSelected 0
07-27 19:18:21.630 15440 15440 D TESTING : Not here
07-27 19:18:21.633 15440 15440 D databaseConnection: url in searchFacilities is :http://20.213.243.141:8080/facility/newest
07-27 19:18:21.633 15440 15440 D databaseConnection: {type=0}
07-27 19:18:21.650 15440 15481 D EGL_emulation: eglMakeCurrent: 0xe9a4b340: ver 2 0 (tinfo 0xde3ab130)
07-27 19:18:21.774 15440 15440 I ViewInteraction: Performing 'single click' action on view view.getId() is <2131296800/com.example.help_m5:id/searchFacility>
07-27 19:18:21.797 15440 15481 D EGL_emulation: eglMakeCurrent: 0xe9a4b340: ver 2 0 (tinfo 0xde3ab130)
07-27 19:18:21.799 15440 15481 D EGL_emulation: eglMakeCurrent: 0xe9a4b340: ver 2 0 (tinfo 0xde3ab130)
07-27 19:18:21.830 10713 10713 I GoogleInputMethodService: GoogleInputMethodService.onFinishInput():3182
07-27 19:18:21.831 10713 10713 I GoogleInputMethodService: GoogleInputMethodService.updateDeviceLockedStatus():2077 checkRepeatedly = false, unlocked = true
07-27 19:18:21.831 10713 10713 I GoogleInputMethodService: GoogleInputMethodService.onStartInput():1885 onStartInput(EditorInfo{inputType=0x90001(Normal) imeOptions=0x3 privateImeOptions=null actionName=SEARCH actionLabel=null actionId=0 initialSelStart=0 initialSelEnd=0 initialCapsMode=0x0 hintText=    label=null packageName=com.example.help_m5 fieldId=16909323 fieldName=null extras=null}, false)
07-27 19:18:21.831 10713 10713 I GoogleInputMethodService: GoogleInputMethodService.updateDeviceLockedStatus():2077 checkRepeatedly = true, unlocked = true
07-27 19:18:21.833 10713 10713 I DeviceModeUtil: DeviceModeUtil.getDeviceMode():126 Get device mode phone by ui mode:1 and smallestScreenWidthDp:392
07-27 19:18:21.834 10713 10713 I GoogleInputMethodService: GoogleInputMethodService.onStartInputView():1993 onStartInputView(EditorInfo{inputType=0x90001(Normal) imeOptions=0x3 privateImeOptions=null actionName=SEARCH actionLabel=null actionId=0 initialSelStart=0 initialSelEnd=0 initialCapsMode=0x0 hintText=    label=null packageName=com.example.help_m5 fieldId=16909323 fieldName=null extras=null}, false)
07-27 19:18:21.834 10713 10713 I GoogleInputMethodService: GoogleInputMethodService.updateDeviceLockedStatus():2077 checkRepeatedly = true, unlocked = true
07-27 19:18:21.835 10713 10774 I DeviceModeUtil: DeviceModeUtil.getDeviceMode():126 Get device mode phone by ui mode:1 and smallestScreenWidthDp:392
07-27 19:18:21.846 15440 15481 D EGL_emulation: eglMakeCurrent: 0xe9a4b340: ver 2 0 (tinfo 0xde3ab130)
07-27 19:18:21.848 15440 15545 E Volley  : [909] NetworkUtility.shouldRetryException: Unexpected response code 415 for http://20.213.243.141:8080/facility/newest
07-27 19:18:21.850 15440 15481 D EGL_emulation: eglMakeCurrent: 0xe9a4b340: ver 2 0 (tinfo 0xde3ab130)
07-27 19:18:21.851 15440 15440 D databaseConnection: onErrorResponse searchFacilities Error: null
07-27 19:18:21.868 15440 15481 D EGL_emulation: eglMakeCurrent: 0xe9a4b340: ver 2 0 (tinfo 0xde3ab130)
07-27 19:18:21.871 15440 15481 D EGL_emulation: eglMakeCurrent: 0xe9a4b340: ver 2 0 (tinfo 0xde3ab130)
07-27 19:18:21.873 10713 10713 I KeyboardViewUtil: KeyboardViewUtil.getKeyboardHeightRatio():168 systemKeyboardHeightRatio:1.000000; userKeyboardHeightRatio:1.000000.
07-27 19:18:21.873 10713 10713 I AndroidIME: AbstractIme.onActivate():86 LatinIme.onActivate() : EditorInfo = inputType=Text imeActionName=SEARCH dump=[inputType=0x90001 imeOptions=0x3 privateImeOptions=null actionLabel=null actionId=0 initialSelStart=0 initialSelEnd=0 initialCapsMode=0x0 hintText=    label=null packageName=com.example.help_m5 fieldId=16909323 fieldName=null extras=null hintLocales=null contentMimeTypes=null ], IncognitoMode = false, DeviceLocked = false
07-27 19:18:21.874 10713 10713 I Delight5Facilitator: Delight5Facilitator.initializeForIme():779 initializeForIme() : Locale = [en_US], layout = qwerty
07-27 19:18:21.874 10713 10713 I VoiceInputManagerWrapper: VoiceInputManagerWrapper.cancelShutdown():55 cancelShutdown()
07-27 19:18:21.874 10713 10713 I VoiceInputManagerWrapper: VoiceInputManagerWrapper.syncLanguagePacks():67 syncLanguagePacks()
07-27 19:18:21.874 10713 10713 I LatinIme: LatinIme.updateEnableInlineSuggestionsOnDecoderSideFlags():1276 inline flag updated to:false
07-27 19:18:21.874 10713 12895 I SpeechFactory: SpeechRecognitionFactory.maybeScheduleAutoPackDownloadForFallback():202 maybeScheduleAutoPackDownloadForFallback()
07-27 19:18:21.874 10713 12895 I FallbackOnDeviceRecognitionProvider: FallbackOnDeviceRecognitionProvider.maybeScheduleAutoPackDownload():196 maybeScheduleAutoPackDownload() for language tag en-US
07-27 19:18:21.876 10713 10713 I KeyboardWrapper: KeyboardWrapper.consumeEvent():273 Skip consuming an event as current keyboard is deactivated (state=0, keyboard existence=true)
07-27 19:18:21.877 10713 10713 I KeyboardViewUtil: KeyboardViewUtil.calculateMaxKeyboardBodyHeight():44 leave 344 height for app when screen height:2028, header height:121 and isFullscreenMode:false, so the max keyboard body height is:1563
07-27 19:18:21.878 10713 10713 I DeviceModeUtil: DeviceModeUtil.getDeviceMode():126 Get device mode phone by ui mode:1 and smallestScreenWidthDp:392
07-27 19:18:21.878 10713 10713 I KeyboardViewUtil: KeyboardViewUtil.calculateMaxKeyboardBodyHeight():44 leave 344 height for app when screen height:2028, header height:121 and isFullscreenMode:false, so the max keyboard body height is:1563
07-27 19:18:21.879 10713 10713 I DeviceModeUtil: DeviceModeUtil.getDeviceMode():126 Get device mode phone by ui mode:1 and smallestScreenWidthDp:392
07-27 19:18:21.879 10713 10713 I NormalModeController: NormalModeController.getKeyboardBodyViewHolderPaddingBottom():111 currentPrimeKeyboardType:SOFT systemPaddingBottom:-1
07-27 19:18:21.880 10713 10713 I NormalModeController: NormalModeController.getKeyboardBodyViewHolderPaddingBottom():111 currentPrimeKeyboardType:SOFT systemPaddingBottom:-1
07-27 19:18:21.888 10713 10713 I ProactiveSuggestionsHolderManager: ProactiveSuggestionsHolderManager$3.display():213 Requesting to show proactive suggestions: CLIPBOARD PREEMPTIVE_WITH_SUPPRESSION
07-27 19:18:21.889 10713 10713 I VoiceImeExtension: VoiceImeExtension.shouldStartVoiceInputAutomatically():372 No private IME option set to start voice input.
07-27 19:18:21.889 10713 14474 I FederatedC2QExtension: FederatedC2QExtension.setupInferencing():555 Federated Conv2Query inferencing disabled, switching to baseline
07-27 19:18:21.894  1788  1830 D gralloc_ranchu: gralloc_alloc: Creating ashmem region of size 9048064
07-27 19:18:21.896 11434 11434 D BoundBrokerSvc: onBind: Intent { act=com.google.android.gms.common.BIND_SHARED_PREFS pkg=com.google.android.gms }
07-27 19:18:21.896 11434 11434 D BoundBrokerSvc: Loading bound service for intent: Intent { act=com.google.android.gms.common.BIND_SHARED_PREFS pkg=com.google.android.gms }
07-27 19:18:21.899 10713 12898 D EGL_emulation: eglMakeCurrent: 0xf4b7f2e0: ver 2 0 (tinfo 0xc8f6eaf0)
07-27 19:18:21.911  1788  1830 D gralloc_ranchu: gralloc_alloc: Creating ashmem region of size 9048064
07-27 19:18:21.913 11434 11434 D BoundBrokerSvc: onUnbind: Intent { act=com.google.android.gms.common.BIND_SHARED_PREFS pkg=com.google.android.gms }
07-27 19:18:21.913 10713 10713 I DeviceModeUtil: DeviceModeUtil.getDeviceMode():126 Get device mode phone by ui mode:1 and smallestScreenWidthDp:392
07-27 19:18:21.914 15440 15481 D EGL_emulation: eglMakeCurrent: 0xe9a4b340: ver 2 0 (tinfo 0xde3ab130)
07-27 19:18:21.914 10713 10713 I DeviceModeUtil: DeviceModeUtil.getDeviceMode():126 Get device mode phone by ui mode:1 and smallestScreenWidthDp:392
07-27 19:18:21.914 10713 10713 I NormalModeController: NormalModeController.getKeyboardBodyViewHolderPaddingBottom():111 currentPrimeKeyboardType:SOFT systemPaddingBottom:-1
07-27 19:18:21.917 10713 10828 I Delight5Decoder: Delight5DecoderWrapper.setKeyboardLayout():433 setKeyboardLayout()
07-27 19:18:21.918 15440 15481 D EGL_emulation: eglMakeCurrent: 0xe9a4b340: ver 2 0 (tinfo 0xde3ab130)
07-27 19:18:21.931  1788  1830 D gralloc_ranchu: gralloc_alloc: Creating ashmem region of size 9048064
07-27 19:18:21.934 11434 11434 D BoundBrokerSvc: onBind: Intent { act=com.google.android.gms.common.BIND_SHARED_PREFS pkg=com.google.android.gms }
07-27 19:18:21.934 11434 11434 D BoundBrokerSvc: Loading bound service for intent: Intent { act=com.google.android.gms.common.BIND_SHARED_PREFS pkg=com.google.android.gms }
07-27 19:18:21.935 11434 11434 D BoundBrokerSvc: onUnbind: Intent { act=com.google.android.gms.common.BIND_SHARED_PREFS pkg=com.google.android.gms }
07-27 19:18:21.950 15440 15481 D EGL_emulation: eglMakeCurrent: 0xe9a4b340: ver 2 0 (tinfo 0xde3ab130)
07-27 19:18:22.038  8179  8179 I Finsky  : [2] rzb.onStartJob(4): SCH: job service start with id 9737.
07-27 19:18:22.041  8179 15327 I Finsky  : [893] rxd.a(45): SCH: Satisfied jobs for 9737 are: 12-1
07-27 19:18:22.050  8179 15549 I Finsky  : [899] rhc.accept(6): SCH: Job 12-1 starting
07-27 19:18:22.050  8179  8179 I Finsky  : [2] ContentSyncJob.v(3): [ContentSync] job started
07-27 19:18:22.093 15440 15440 I ViewInteraction: Performing 'type text(a)' action on view view.getId() is <2131296800/com.example.help_m5:id/searchFacility>
07-27 19:18:22.097  8179 15552 I Finsky  : [902] fsa.i(1): Completed 0 account content syncs with 0 successful.
07-27 19:18:22.097  8179  8179 I Finsky  : [2] ContentSyncJob.a(1): [ContentSync] Installation state replication succeeded.
07-27 19:18:22.097  8179  8179 I Finsky  : [2] rxi.r(4): SCH: jobFinished: 12-1. TimeElapsed: 47ms.
07-27 19:18:22.103  8179  8263 I Finsky  : [557] rrc.accept(43): SCH: Scheduling phonesky job Id: 1-1337, CT: 1658971751604, Constraints: [{ L: 14399998, D: 43537833, C: 1, I: 1, N: 1 }]
07-27 19:18:22.103  8179  8263 I Finsky  : [557] rrc.accept(43): SCH: Scheduling phonesky job Id: 34-28, CT: 1658971753997, Constraints: [{ L: 79198257, D: 1375198257, C: 1, I: 1, N: 1 }]
07-27 19:18:22.104  8179  8259 I Finsky  : [553] rqq.apply(12): SCH: Scheduling 1 system job(s)
07-27 19:18:22.104  8179  8259 I Finsky  : [553] rqq.apply(18): SCH: Scheduling system job Id: 9741, L: 11449498, D: 40587333, C: false, I: false, N: 1
07-27 19:18:22.106  8179 15549 I Finsky  : [899] rzb.a(16): SCH: job service finished with id 9737.
07-27 19:18:22.119 15440 15481 D EGL_emulation: eglMakeCurrent: 0xe9a4b340: ver 2 0 (tinfo 0xde3ab130)
07-27 19:18:22.133  1787  2249 E GnssHAL_GnssInterface: gnssSvStatusCb: a: input svInfo.flags is 8
07-27 19:18:22.133  1787  2249 E GnssHAL_GnssInterface: gnssSvStatusCb: b: input svInfo.flags is 8
07-27 19:18:22.146 10713 10713 I DeviceModeUtil: DeviceModeUtil.getDeviceMode():126 Get device mode phone by ui mode:1 and smallestScreenWidthDp:392
07-27 19:18:22.175 11416 11416 D BoundBrokerSvc: onUnbind: Intent { act=com.google.android.gms.nearby.exposurenotification.START dat=chimera-action:com.google.android.gms.nearby.exposurenotification.START cmp=com.google.android.gms/.chimera.PersistentApiService }
07-27 19:18:22.245 11416 11416 D BoundBrokerSvc: onUnbind: Intent { act=com.google.android.gms.icing.LIGHTWEIGHT_INDEX_SERVICE dat=chimera-action:com.google.android.gms.icing.LIGHTWEIGHT_INDEX_SERVICE cmp=com.google.android.gms/.chimera.PersistentApiService }
07-27 19:18:22.245 11434 11434 D BoundBrokerSvc: onUnbind: Intent { act=com.google.android.gms.feedback.internal.IFeedbackService dat=chimera-action:com.google.android.gms.feedback.internal.IFeedbackService cmp=com.google.android.gms/.chimera.GmsBoundBrokerService }
07-27 19:18:22.423 15440 15440 D UiControllerImpl: Injecting string: "a"
07-27 19:18:22.425 15440 15440 D EntertainmentsFragment: onQueryTextChange in onResume: false
07-27 19:18:22.426 15440 15440 D EntertainmentsFragment: searching: a
07-27 19:18:22.426 15440 15440 D TESTING : Goes here
07-27 19:18:22.443 10713 10713 I KeyboardViewController: KeyboardViewController.lambda$showSelfAndAncestors$6():610 current view doesn't has the priority com.google.android.apps.inputmethod.latin.keyboard.widget.LatinFixedCountCandidatesHolderView{45fe9f6 I.E...... ......ID 99,0-969,121 #7f0b13a5 app:id/softkey_holder_fixed_candidates} to show itself, PREEMPTIVE
07-27 19:18:22.457 15440 15440 I ViewInteraction: Performing 'close keyboard' action on view view.getId() is <2131296800/com.example.help_m5:id/searchFacility>
07-27 19:18:22.462 10713 10713 I GoogleInputMethodService: GoogleInputMethodService.onFinishInputView():2229
07-27 19:18:22.464 10713 10713 I KeyboardWrapper: KeyboardWrapper.consumeEvent():273 Skip consuming an event as current keyboard is deactivated (state=0, keyboard existence=true)
07-27 19:18:22.464 10713 10713 I VoiceInputManagerWrapper: VoiceInputManagerWrapper.shutdown():77 shutdown()
07-27 19:18:22.464 10713 10713 I AndroidIME: AbstractIme.onDeactivate():207 LatinIme.onDeactivate()
07-27 19:18:22.470 10713 14350 E LstmTrainingCache: TrainingInputEventProcessor$1.onSuccess():439 onSuccess()
07-27 19:18:22.486 10713 12898 D EGL_emulation: eglMakeCurrent: 0xf4b7f2e0: ver 2 0 (tinfo 0xc8f6eaf0)
07-27 19:18:23.133  1787  2249 E GnssHAL_GnssInterface: gnssSvStatusCb: a: input svInfo.flags is 8
07-27 19:18:23.133  1787  2249 E GnssHAL_GnssInterface: gnssSvStatusCb: b: input svInfo.flags is 8
07-27 19:18:23.296  1788  1830 D gralloc_ranchu: gralloc_alloc: Creating ashmem region of size 638976
07-27 19:18:23.303  1788  1830 I chatty  : uid=1000(system) HwBinder:1788_1 identical 1 line
07-27 19:18:23.304  1788  1830 D gralloc_ranchu: gralloc_alloc: Creating ashmem region of size 638976
07-27 19:18:23.305 15440 15481 D EGL_emulation: eglMakeCurrent: 0xe9a4b340: ver 2 0 (tinfo 0xde3ab130)
07-27 19:18:23.492 15440 15481 D EGL_emulation: eglMakeCurrent: 0xe9a4b340: ver 2 0 (tinfo 0xde3ab130)
07-27 19:18:23.803 15440 15440 I ViewInteraction: Performing 'single click' action on view view.getId() is <2131296490/com.example.help_m5:id/fab_previous>
07-27 19:18:23.845 15440 15440 D EntertainmentsFragment: page_up in onResume: true
07-27 19:18:23.845 15440 15440 D TESTING : Goes here
07-27 19:18:23.852 15440 15440 D EntertainmentsFragment: current page: 1
07-27 19:18:24.094 15440 15440 I ViewInteraction: Performing 'single click' action on view view.getId() is <2131296490/com.example.help_m5:id/fab_previous>
07-27 19:18:24.133  1787  2249 E GnssHAL_GnssInterface: gnssSvStatusCb: a: input svInfo.flags is 8
07-27 19:18:24.133  1787  2249 E GnssHAL_GnssInterface: gnssSvStatusCb: b: input svInfo.flags is 8
07-27 19:18:24.145 15440 15440 D EntertainmentsFragment: page_up in onResume: true
07-27 19:18:24.145 15440 15440 D TESTING : Goes here
07-27 19:18:24.147 15440 15440 D EntertainmentsFragment: current page: 1
07-27 19:18:24.394 15440 15440 I ViewInteraction: Checking 'MatchesViewAssertion{viewMatcher=an instance of android.widget.TextView and view.getText() with or without transformation to match: is "title posts search 11"}' assertion on view view.getId() is <2131296904/com.example.help_m5:id/titleTextView_facility1>
07-27 19:18:24.394 15440 15440 I ViewInteraction: Checking 'MatchesViewAssertion{viewMatcher=an instance of android.widget.TextView and view.getText() with or without transformation to match: is "date posts search 11"}' assertion on view view.getId() is <2131296428/com.example.help_m5:id/dateTextView_facility1>
07-27 19:18:24.395 15440 15440 I ViewInteraction: Checking 'MatchesViewAssertion{viewMatcher=an instance of android.widget.TextView and view.getText() with or without transformation to match: is "content posts search 11"}' assertion on view view.getId() is <2131296413/com.example.help_m5:id/contentTextView_facility1>
07-27 19:18:24.395 15440 15440 I ViewInteraction: Checking 'MatchesViewAssertion{viewMatcher=an instance of android.widget.TextView and view.getText() with or without transformation to match: is "title posts search 7"}' assertion on view view.getId() is <2131296908/com.example.help_m5:id/titleTextView_facility5>
07-27 19:18:24.396 15440 15440 I ViewInteraction: Checking 'MatchesViewAssertion{viewMatcher=an instance of android.widget.TextView and view.getText() with or without transformation to match: is "date posts search 7"}' assertion on view view.getId() is <2131296432/com.example.help_m5:id/dateTextView_facility5>
07-27 19:18:24.397 15440 15440 I ViewInteraction: Checking 'MatchesViewAssertion{viewMatcher=an instance of android.widget.TextView and view.getText() with or without transformation to match: is "content posts search 7"}' assertion on view view.getId() is <2131296417/com.example.help_m5:id/contentTextView_facility5>
07-27 19:18:24.397 15440 15440 I ViewInteraction: Performing 'single click' action on view view.getId() is <2131296489/com.example.help_m5:id/fab_next>
07-27 19:18:24.466 15440 15440 D EntertainmentsFragment: page_down in onResume: true
07-27 19:18:24.467 15440 15440 D TESTING : Goes here
07-27 19:18:24.469 15440 15440 D EntertainmentsFragment: current page: 1
07-27 19:18:24.734 15440 15440 I ViewInteraction: Checking 'MatchesViewAssertion{viewMatcher=an instance of android.widget.TextView and view.getText() with or without transformation to match: is "title posts search 6"}' assertion on view view.getId() is <2131296904/com.example.help_m5:id/titleTextView_facility1>
07-27 19:18:24.734 15440 15440 I ViewInteraction: Checking 'MatchesViewAssertion{viewMatcher=an instance of android.widget.TextView and view.getText() with or without transformation to match: is "date posts search 6"}' assertion on view view.getId() is <2131296428/com.example.help_m5:id/dateTextView_facility1>
07-27 19:18:24.735 15440 15440 I ViewInteraction: Checking 'MatchesViewAssertion{viewMatcher=an instance of android.widget.TextView and view.getText() with or without transformation to match: is "content posts search 6"}' assertion on view view.getId() is <2131296413/com.example.help_m5:id/contentTextView_facility1>
07-27 19:18:24.736 15440 15440 I ViewInteraction: Checking 'MatchesViewAssertion{viewMatcher=an instance of android.widget.TextView and view.getText() with or without transformation to match: is "title posts search 2"}' assertion on view view.getId() is <2131296908/com.example.help_m5:id/titleTextView_facility5>
07-27 19:18:24.736 15440 15440 I ViewInteraction: Checking 'MatchesViewAssertion{viewMatcher=an instance of android.widget.TextView and view.getText() with or without transformation to match: is "date posts search 2"}' assertion on view view.getId() is <2131296432/com.example.help_m5:id/dateTextView_facility5>
07-27 19:18:24.737 15440 15440 I ViewInteraction: Checking 'MatchesViewAssertion{viewMatcher=an instance of android.widget.TextView and view.getText() with or without transformation to match: is "content posts search 2"}' assertion on view view.getId() is <2131296417/com.example.help_m5:id/contentTextView_facility5>
07-27 19:18:24.737 15440 15478 D TESTING : Here: /data/data/com.example.help_m5/files/posts.json
07-27 19:18:24.737 15440 15478 D TESTING : [[11,0,"title posts 11","content posts 11","date posts 11"],[10,0,"title posts 10","content posts 10","date posts 10"],[9,0,"title posts 9","content posts 9","date posts 9"],[8,0,"title posts 8","content posts 8","date posts 8"],[7,0,"title posts 7","content posts 7","date posts 7"],[6,0,"title posts 6","content posts 6","date posts 6"],[5,0,"title posts 5","content posts 5","date posts 5"],[4,0,"title posts 4","content posts 4","date posts 4"],[3,0,"title posts 3","content posts 3","date posts 3"],[2,0,"title posts 2","content posts 2","date posts 2"],[1,0,"title posts 1","content posts 1","date posts 1"]]
07-27 19:18:24.738 15440 15440 I ViewInteraction: Performing 'single click' action on view view.getId() is <2131296487/com.example.help_m5:id/fab_close_or_refresh>
07-27 19:18:24.754 11416 11416 D BoundBrokerSvc: onUnbind: Intent { act=com.google.android.gms.tapandpay.service.BIND dat=chimera-action:com.google.android.gms.tapandpay.service.BIND cmp=com.google.android.gms/.chimera.PersistentApiService }
07-27 19:18:24.774 11434 11434 D BoundBrokerSvc: onUnbind: Intent { act=com.google.android.gms.wallet.service.BIND pkg=com.google.android.gms }
07-27 19:18:24.787 15440 15440 D EntertainmentsFragment: close_or_refresh in onResume: true
07-27 19:18:24.789 10713 10713 I GoogleInputMethodService: GoogleInputMethodService.onStartInput():1885 onStartInput(EditorInfo{inputType=0x90001(Normal) imeOptions=0x3 privateImeOptions=null actionName=SEARCH actionLabel=null actionId=0 initialSelStart=1 initialSelEnd=1 initialCapsMode=0x0 hintText=    label=null packageName=com.example.help_m5 fieldId=16909323 fieldName=null extras=null}, true)
07-27 19:18:24.790 10713 10713 I GoogleInputMethodService: GoogleInputMethodService.updateDeviceLockedStatus():2077 checkRepeatedly = true, unlocked = true
07-27 19:18:24.790 10713 10713 W SessionManager: SessionManager.beginSession():53 Try to begin an already begun session [INPUT_SESSION], end it first
07-27 19:18:24.790 15440 15440 D TESTING : Goes here
07-27 19:18:24.792 15440 15440 D TESTING : Goes here
07-27 19:18:24.806 11434 11434 D BoundBrokerSvc: onUnbind: Intent { act=com.google.android.mdd.service.START dat=chimera-action:com.google.android.mdd.service.START cmp=com.google.android.gms/.chimera.GmsBoundBrokerService }
07-27 19:18:25.054 15440 15440 I ViewInteraction: Checking 'MatchesViewAssertion{viewMatcher=an instance of android.widget.TextView and view.getText() with or without transformation to match: is "title posts 11"}' assertion on view view.getId() is <2131296904/com.example.help_m5:id/titleTextView_facility1>
07-27 19:18:25.055 15440 15440 I ViewInteraction: Checking 'MatchesViewAssertion{viewMatcher=an instance of android.widget.TextView and view.getText() with or without transformation to match: is "date posts 11"}' assertion on view view.getId() is <2131296428/com.example.help_m5:id/dateTextView_facility1>
07-27 19:18:25.056 15440 15440 I ViewInteraction: Checking 'MatchesViewAssertion{viewMatcher=an instance of android.widget.TextView and view.getText() with or without transformation to match: is "content posts 11"}' assertion on view view.getId() is <2131296413/com.example.help_m5:id/contentTextView_facility1>
07-27 19:18:25.056 15440 15440 I ViewInteraction: Checking 'MatchesViewAssertion{viewMatcher=an instance of android.widget.TextView and view.getText() with or without transformation to match: is "title posts 7"}' assertion on view view.getId() is <2131296908/com.example.help_m5:id/titleTextView_facility5>
07-27 19:18:25.057 15440 15440 I ViewInteraction: Checking 'MatchesViewAssertion{viewMatcher=an instance of android.widget.TextView and view.getText() with or without transformation to match: is "date posts 7"}' assertion on view view.getId() is <2131296432/com.example.help_m5:id/dateTextView_facility5>
07-27 19:18:25.057 15440 15440 I ViewInteraction: Checking 'MatchesViewAssertion{viewMatcher=an instance of android.widget.TextView and view.getText() with or without transformation to match: is "content posts 7"}' assertion on view view.getId() is <2131296417/com.example.help_m5:id/contentTextView_facility5>
07-27 19:18:25.057 15440 15478 I TestRunner: finished: TestSearchAndChangeSpinner(com.example.help_m5.findFacilityTests.bySearchingTests)
